Archive member included to satisfy reference by file (symbol)

.\CortexM0\ARM_GCC_541\Debug\Buton_RGB.a(BLUE.o)
                              .\CortexM0\ARM_GCC_541\Debug\main.o (BLUE_Write)
.\CortexM0\ARM_GCC_541\Debug\Buton_RGB.a(GREEN.o)
                              .\CortexM0\ARM_GCC_541\Debug\main.o (GREEN_Write)
.\CortexM0\ARM_GCC_541\Debug\Buton_RGB.a(RED.o)
                              .\CortexM0\ARM_GCC_541\Debug\main.o (RED_Write)
.\CortexM0\ARM_GCC_541\Debug\Buton_RGB.a(buton.o)
                              .\CortexM0\ARM_GCC_541\Debug\main.o (buton_Read)
.\CortexM0\ARM_GCC_541\Debug\Buton_RGB.a(CyLib.o)
                              .\CortexM0\ARM_GCC_541\Debug\cyfitter_cfg.o (CyIntEnable)
.\CortexM0\ARM_GCC_541\Debug\Buton_RGB.a(CyLFClk.o)
                              .\CortexM0\ARM_GCC_541\Debug\cyfitter_cfg.o (CySysWdtIsr)
.\CortexM0\ARM_GCC_541\Debug\Buton_RGB.a(CyBootAsmGnu.o)
                              .\CortexM0\ARM_GCC_541\Debug\Buton_RGB.a(CyLib.o) (CyDelayCycles)
c:/program files (x86)/cypress/psoc creator/4.4/psoc creator/import/gnu/arm/5.4.1/bin/../lib/gcc/arm-none-eabi/5.4.1/armv6-m\libgcc.a(_udivsi3.o)
                              .\CortexM0\ARM_GCC_541\Debug\Buton_RGB.a(CyLib.o) (__aeabi_uidiv)
c:/program files (x86)/cypress/psoc creator/4.4/psoc creator/import/gnu/arm/5.4.1/bin/../lib/gcc/arm-none-eabi/5.4.1/armv6-m\libgcc.a(_dvmd_tls.o)
                              c:/program files (x86)/cypress/psoc creator/4.4/psoc creator/import/gnu/arm/5.4.1/bin/../lib/gcc/arm-none-eabi/5.4.1/armv6-m\libgcc.a(_udivsi3.o) (__aeabi_idiv0)
c:/program files (x86)/cypress/psoc creator/4.4/psoc creator/import/gnu/arm/5.4.1/bin/../lib/gcc/arm-none-eabi/5.4.1/../../../../arm-none-eabi/lib/armv6-m\libg_nano.a(lib_a-errno.o)
                              .\CortexM0\ARM_GCC_541\Debug\Cm0Start.o (__errno)
c:/program files (x86)/cypress/psoc creator/4.4/psoc creator/import/gnu/arm/5.4.1/bin/../lib/gcc/arm-none-eabi/5.4.1/../../../../arm-none-eabi/lib/armv6-m\libg_nano.a(lib_a-exit.o)
                              c:/program files (x86)/cypress/psoc creator/4.4/psoc creator/import/gnu/arm/5.4.1/bin/../lib/gcc/arm-none-eabi/5.4.1/../../../../arm-none-eabi/lib/armv6-m/crt0.o (exit)
c:/program files (x86)/cypress/psoc creator/4.4/psoc creator/import/gnu/arm/5.4.1/bin/../lib/gcc/arm-none-eabi/5.4.1/../../../../arm-none-eabi/lib/armv6-m\libg_nano.a(lib_a-impure.o)
                              c:/program files (x86)/cypress/psoc creator/4.4/psoc creator/import/gnu/arm/5.4.1/bin/../lib/gcc/arm-none-eabi/5.4.1/../../../../arm-none-eabi/lib/armv6-m\libg_nano.a(lib_a-exit.o) (_global_impure_ptr)
c:/program files (x86)/cypress/psoc creator/4.4/psoc creator/import/gnu/arm/5.4.1/bin/../lib/gcc/arm-none-eabi/5.4.1/../../../../arm-none-eabi/lib/armv6-m\libg_nano.a(lib_a-init.o)
                              c:/program files (x86)/cypress/psoc creator/4.4/psoc creator/import/gnu/arm/5.4.1/bin/../lib/gcc/arm-none-eabi/5.4.1/../../../../arm-none-eabi/lib/armv6-m/crt0.o (__libc_init_array)
c:/program files (x86)/cypress/psoc creator/4.4/psoc creator/import/gnu/arm/5.4.1/bin/../lib/gcc/arm-none-eabi/5.4.1/../../../../arm-none-eabi/lib/armv6-m\libg_nano.a(lib_a-memset.o)
                              c:/program files (x86)/cypress/psoc creator/4.4/psoc creator/import/gnu/arm/5.4.1/bin/../lib/gcc/arm-none-eabi/5.4.1/../../../../arm-none-eabi/lib/armv6-m/crt0.o (memset)

Discarded input sections

 .text          0x00000000        0x0 c:/program files (x86)/cypress/psoc creator/4.4/psoc creator/import/gnu/arm/5.4.1/bin/../lib/gcc/arm-none-eabi/5.4.1/armv6-m/crti.o
 .data          0x00000000        0x0 c:/program files (x86)/cypress/psoc creator/4.4/psoc creator/import/gnu/arm/5.4.1/bin/../lib/gcc/arm-none-eabi/5.4.1/armv6-m/crti.o
 .bss           0x00000000        0x0 c:/program files (x86)/cypress/psoc creator/4.4/psoc creator/import/gnu/arm/5.4.1/bin/../lib/gcc/arm-none-eabi/5.4.1/armv6-m/crti.o
 .data          0x00000000        0x4 c:/program files (x86)/cypress/psoc creator/4.4/psoc creator/import/gnu/arm/5.4.1/bin/../lib/gcc/arm-none-eabi/5.4.1/armv6-m/crtbegin.o
 .text          0x00000000       0x78 c:/program files (x86)/cypress/psoc creator/4.4/psoc creator/import/gnu/arm/5.4.1/bin/../lib/gcc/arm-none-eabi/5.4.1/../../../../arm-none-eabi/lib/armv6-m/crt0.o
 .data          0x00000000        0x0 c:/program files (x86)/cypress/psoc creator/4.4/psoc creator/import/gnu/arm/5.4.1/bin/../lib/gcc/arm-none-eabi/5.4.1/../../../../arm-none-eabi/lib/armv6-m/crt0.o
 .bss           0x00000000        0x0 c:/program files (x86)/cypress/psoc creator/4.4/psoc creator/import/gnu/arm/5.4.1/bin/../lib/gcc/arm-none-eabi/5.4.1/../../../../arm-none-eabi/lib/armv6-m/crt0.o
 .ARM.extab     0x00000000        0x0 c:/program files (x86)/cypress/psoc creator/4.4/psoc creator/import/gnu/arm/5.4.1/bin/../lib/gcc/arm-none-eabi/5.4.1/../../../../arm-none-eabi/lib/armv6-m/crt0.o
 .ARM.exidx     0x00000000        0x8 c:/program files (x86)/cypress/psoc creator/4.4/psoc creator/import/gnu/arm/5.4.1/bin/../lib/gcc/arm-none-eabi/5.4.1/../../../../arm-none-eabi/lib/armv6-m/crt0.o
 .text          0x00000000        0x0 .\CortexM0\ARM_GCC_541\Debug\main.o
 .data          0x00000000        0x0 .\CortexM0\ARM_GCC_541\Debug\main.o
 .bss           0x00000000        0x0 .\CortexM0\ARM_GCC_541\Debug\main.o
 .text          0x00000000        0x0 .\CortexM0\ARM_GCC_541\Debug\cyfitter_cfg.o
 .data          0x00000000        0x0 .\CortexM0\ARM_GCC_541\Debug\cyfitter_cfg.o
 .bss           0x00000000        0x0 .\CortexM0\ARM_GCC_541\Debug\cyfitter_cfg.o
 .text          0x00000000        0x0 .\CortexM0\ARM_GCC_541\Debug\cymetadata.o
 .data          0x00000000        0x0 .\CortexM0\ARM_GCC_541\Debug\cymetadata.o
 .bss           0x00000000        0x0 .\CortexM0\ARM_GCC_541\Debug\cymetadata.o
 .text          0x00000000        0x0 .\CortexM0\ARM_GCC_541\Debug\Cm0Start.o
 .data          0x00000000        0x4 .\CortexM0\ARM_GCC_541\Debug\Cm0Start.o
 .bss           0x00000000        0x0 .\CortexM0\ARM_GCC_541\Debug\Cm0Start.o
 .text._exit    0x00000000        0xc .\CortexM0\ARM_GCC_541\Debug\Cm0Start.o
 .text._sbrk    0x00000000       0x30 .\CortexM0\ARM_GCC_541\Debug\Cm0Start.o
 .text          0x00000000        0x0 .\CortexM0\ARM_GCC_541\Debug\Buton_RGB.a(BLUE.o)
 .data          0x00000000        0x0 .\CortexM0\ARM_GCC_541\Debug\Buton_RGB.a(BLUE.o)
 .bss           0x00000000        0x0 .\CortexM0\ARM_GCC_541\Debug\Buton_RGB.a(BLUE.o)
 .text.BLUE_SetDriveMode
                0x00000000       0x18 .\CortexM0\ARM_GCC_541\Debug\Buton_RGB.a(BLUE.o)
 .text.BLUE_Read
                0x00000000       0x10 .\CortexM0\ARM_GCC_541\Debug\Buton_RGB.a(BLUE.o)
 .text.BLUE_ReadDataReg
                0x00000000       0x10 .\CortexM0\ARM_GCC_541\Debug\Buton_RGB.a(BLUE.o)
 .text.BLUE_SetInterruptMode
                0x00000000       0x14 .\CortexM0\ARM_GCC_541\Debug\Buton_RGB.a(BLUE.o)
 .text.BLUE_ClearInterrupt
                0x00000000       0x14 .\CortexM0\ARM_GCC_541\Debug\Buton_RGB.a(BLUE.o)
 .text          0x00000000        0x0 .\CortexM0\ARM_GCC_541\Debug\Buton_RGB.a(GREEN.o)
 .data          0x00000000        0x0 .\CortexM0\ARM_GCC_541\Debug\Buton_RGB.a(GREEN.o)
 .bss           0x00000000        0x0 .\CortexM0\ARM_GCC_541\Debug\Buton_RGB.a(GREEN.o)
 .text.GREEN_SetDriveMode
                0x00000000       0x18 .\CortexM0\ARM_GCC_541\Debug\Buton_RGB.a(GREEN.o)
 .text.GREEN_Read
                0x00000000       0x10 .\CortexM0\ARM_GCC_541\Debug\Buton_RGB.a(GREEN.o)
 .text.GREEN_ReadDataReg
                0x00000000       0x10 .\CortexM0\ARM_GCC_541\Debug\Buton_RGB.a(GREEN.o)
 .text.GREEN_SetInterruptMode
                0x00000000       0x14 .\CortexM0\ARM_GCC_541\Debug\Buton_RGB.a(GREEN.o)
 .text.GREEN_ClearInterrupt
                0x00000000       0x14 .\CortexM0\ARM_GCC_541\Debug\Buton_RGB.a(GREEN.o)
 .text          0x00000000        0x0 .\CortexM0\ARM_GCC_541\Debug\Buton_RGB.a(RED.o)
 .data          0x00000000        0x0 .\CortexM0\ARM_GCC_541\Debug\Buton_RGB.a(RED.o)
 .bss           0x00000000        0x0 .\CortexM0\ARM_GCC_541\Debug\Buton_RGB.a(RED.o)
 .text.RED_SetDriveMode
                0x00000000       0x18 .\CortexM0\ARM_GCC_541\Debug\Buton_RGB.a(RED.o)
 .text.RED_Read
                0x00000000       0x10 .\CortexM0\ARM_GCC_541\Debug\Buton_RGB.a(RED.o)
 .text.RED_ReadDataReg
                0x00000000       0x10 .\CortexM0\ARM_GCC_541\Debug\Buton_RGB.a(RED.o)
 .text.RED_SetInterruptMode
                0x00000000       0x14 .\CortexM0\ARM_GCC_541\Debug\Buton_RGB.a(RED.o)
 .text.RED_ClearInterrupt
                0x00000000       0x14 .\CortexM0\ARM_GCC_541\Debug\Buton_RGB.a(RED.o)
 .text          0x00000000        0x0 .\CortexM0\ARM_GCC_541\Debug\Buton_RGB.a(buton.o)
 .data          0x00000000        0x0 .\CortexM0\ARM_GCC_541\Debug\Buton_RGB.a(buton.o)
 .bss           0x00000000        0x0 .\CortexM0\ARM_GCC_541\Debug\Buton_RGB.a(buton.o)
 .text.buton_SetDriveMode
                0x00000000       0x18 .\CortexM0\ARM_GCC_541\Debug\Buton_RGB.a(buton.o)
 .text.buton_Write
                0x00000000       0x18 .\CortexM0\ARM_GCC_541\Debug\Buton_RGB.a(buton.o)
 .text.buton_ReadDataReg
                0x00000000       0x10 .\CortexM0\ARM_GCC_541\Debug\Buton_RGB.a(buton.o)
 .text.buton_SetInterruptMode
                0x00000000       0x14 .\CortexM0\ARM_GCC_541\Debug\Buton_RGB.a(buton.o)
 .text.buton_ClearInterrupt
                0x00000000       0x14 .\CortexM0\ARM_GCC_541\Debug\Buton_RGB.a(buton.o)
 .text          0x00000000        0x0 .\CortexM0\ARM_GCC_541\Debug\Buton_RGB.a(CyLib.o)
 .bss           0x00000000       0x18 .\CortexM0\ARM_GCC_541\Debug\Buton_RGB.a(CyLib.o)
 .text.CySysClkImoStart
                0x00000000       0x14 .\CortexM0\ARM_GCC_541\Debug\Buton_RGB.a(CyLib.o)
 .text.CySysClkImoStop
                0x00000000       0x10 .\CortexM0\ARM_GCC_541\Debug\Buton_RGB.a(CyLib.o)
 .text.CySysClkWriteHfclkDirect
                0x00000000       0x20 .\CortexM0\ARM_GCC_541\Debug\Buton_RGB.a(CyLib.o)
 .text.CySysEnablePumpClock
                0x00000000       0x38 .\CortexM0\ARM_GCC_541\Debug\Buton_RGB.a(CyLib.o)
 .text.CySysClkGetSysclkSource
                0x00000000       0x1c .\CortexM0\ARM_GCC_541\Debug\Buton_RGB.a(CyLib.o)
 .text.CySysClkWriteSysclkDiv
                0x00000000       0x30 .\CortexM0\ARM_GCC_541\Debug\Buton_RGB.a(CyLib.o)
 .text.CySysLvdDisable
                0x00000000       0x20 .\CortexM0\ARM_GCC_541\Debug\Buton_RGB.a(CyLib.o)
 .text.CySysLvdGetInterruptSource
                0x00000000       0x10 .\CortexM0\ARM_GCC_541\Debug\Buton_RGB.a(CyLib.o)
 .text.CySysLvdClearInterrupt
                0x00000000        0xc .\CortexM0\ARM_GCC_541\Debug\Buton_RGB.a(CyLib.o)
 .text.CySysGetResetReason
                0x00000000       0x14 .\CortexM0\ARM_GCC_541\Debug\Buton_RGB.a(CyLib.o)
 .text.CyDisableInts
                0x00000000       0x10 .\CortexM0\ARM_GCC_541\Debug\Buton_RGB.a(CyLib.o)
 .text.CyEnableInts
                0x00000000        0xc .\CortexM0\ARM_GCC_541\Debug\Buton_RGB.a(CyLib.o)
 .text.CyIntGetState
                0x00000000       0x18 .\CortexM0\ARM_GCC_541\Debug\Buton_RGB.a(CyLib.o)
 .text.CyIntDisable
                0x00000000       0x14 .\CortexM0\ARM_GCC_541\Debug\Buton_RGB.a(CyLib.o)
 .text.CyIntSetPending
                0x00000000       0x14 .\CortexM0\ARM_GCC_541\Debug\Buton_RGB.a(CyLib.o)
 .text.CyIntClearPending
                0x00000000       0x14 .\CortexM0\ARM_GCC_541\Debug\Buton_RGB.a(CyLib.o)
 .text.CyIntSetSysVector
                0x00000000       0x20 .\CortexM0\ARM_GCC_541\Debug\Buton_RGB.a(CyLib.o)
 .text.CyIntGetSysVector
                0x00000000       0x1c .\CortexM0\ARM_GCC_541\Debug\Buton_RGB.a(CyLib.o)
 .text.CyIntGetVector
                0x00000000       0x20 .\CortexM0\ARM_GCC_541\Debug\Buton_RGB.a(CyLib.o)
 .text.CyIntSetPriority
                0x00000000       0x4c .\CortexM0\ARM_GCC_541\Debug\Buton_RGB.a(CyLib.o)
 .text.CyIntGetPriority
                0x00000000       0x2c .\CortexM0\ARM_GCC_541\Debug\Buton_RGB.a(CyLib.o)
 .text.CySoftwareReset
                0x00000000       0x18 .\CortexM0\ARM_GCC_541\Debug\Buton_RGB.a(CyLib.o)
 .text.CySysLvdEnable
                0x00000000       0x44 .\CortexM0\ARM_GCC_541\Debug\Buton_RGB.a(CyLib.o)
 .text.CyDelayFreq
                0x00000000       0x4c .\CortexM0\ARM_GCC_541\Debug\Buton_RGB.a(CyLib.o)
 .text.CySysTickStop
                0x00000000       0x10 .\CortexM0\ARM_GCC_541\Debug\Buton_RGB.a(CyLib.o)
 .text.CySysTickEnableInterrupt
                0x00000000       0x10 .\CortexM0\ARM_GCC_541\Debug\Buton_RGB.a(CyLib.o)
 .text.CySysTickEnable
                0x00000000       0x18 .\CortexM0\ARM_GCC_541\Debug\Buton_RGB.a(CyLib.o)
 .text.CySysTickDisableInterrupt
                0x00000000       0x10 .\CortexM0\ARM_GCC_541\Debug\Buton_RGB.a(CyLib.o)
 .text.CySysTickSetReload
                0x00000000       0x10 .\CortexM0\ARM_GCC_541\Debug\Buton_RGB.a(CyLib.o)
 .text.CySysTickGetReload
                0x00000000       0x10 .\CortexM0\ARM_GCC_541\Debug\Buton_RGB.a(CyLib.o)
 .text.CySysTickGetValue
                0x00000000       0x10 .\CortexM0\ARM_GCC_541\Debug\Buton_RGB.a(CyLib.o)
 .text.CySysTickGetCountFlag
                0x00000000       0x10 .\CortexM0\ARM_GCC_541\Debug\Buton_RGB.a(CyLib.o)
 .text.CySysTickServiceCallbacks
                0x00000000       0x28 .\CortexM0\ARM_GCC_541\Debug\Buton_RGB.a(CyLib.o)
 .text.CySysTickClear
                0x00000000        0xc .\CortexM0\ARM_GCC_541\Debug\Buton_RGB.a(CyLib.o)
 .text.CySysTickInit
                0x00000000       0x40 .\CortexM0\ARM_GCC_541\Debug\Buton_RGB.a(CyLib.o)
 .text.CySysTickStart
                0x00000000       0x20 .\CortexM0\ARM_GCC_541\Debug\Buton_RGB.a(CyLib.o)
 .text.CySysTickSetCallback
                0x00000000       0x10 .\CortexM0\ARM_GCC_541\Debug\Buton_RGB.a(CyLib.o)
 .text.CySysTickGetCallback
                0x00000000        0xc .\CortexM0\ARM_GCC_541\Debug\Buton_RGB.a(CyLib.o)
 .text.CyGetUniqueId
                0x00000000       0x70 .\CortexM0\ARM_GCC_541\Debug\Buton_RGB.a(CyLib.o)
 .text          0x00000000        0x0 .\CortexM0\ARM_GCC_541\Debug\Buton_RGB.a(CyLFClk.o)
 .text.CySysClkIloEnabled
                0x00000000       0x14 .\CortexM0\ARM_GCC_541\Debug\Buton_RGB.a(CyLFClk.o)
 .text.CySysClkIloStart
                0x00000000       0x14 .\CortexM0\ARM_GCC_541\Debug\Buton_RGB.a(CyLFClk.o)
 .text.CySysClkIloStartMeasurement
                0x00000000       0x34 .\CortexM0\ARM_GCC_541\Debug\Buton_RGB.a(CyLFClk.o)
 .text.CySysClkIloStopMeasurement
                0x00000000       0x14 .\CortexM0\ARM_GCC_541\Debug\Buton_RGB.a(CyLFClk.o)
 .text.CySysClkIloCompensate
                0x00000000      0x104 .\CortexM0\ARM_GCC_541\Debug\Buton_RGB.a(CyLFClk.o)
 .text.CySysWdtGetEnabledStatus
                0x00000000       0x24 .\CortexM0\ARM_GCC_541\Debug\Buton_RGB.a(CyLFClk.o)
 .text.CySysWdtSetMode
                0x00000000       0x38 .\CortexM0\ARM_GCC_541\Debug\Buton_RGB.a(CyLFClk.o)
 .text.CySysClkLfclkPosedgeRestore
                0x00000000       0x2c .\CortexM0\ARM_GCC_541\Debug\Buton_RGB.a(CyLFClk.o)
 .text.CySysWdtGetMode
                0x00000000       0x14 .\CortexM0\ARM_GCC_541\Debug\Buton_RGB.a(CyLFClk.o)
 .text.CySysWdtSetClearOnMatch
                0x00000000       0x34 .\CortexM0\ARM_GCC_541\Debug\Buton_RGB.a(CyLFClk.o)
 .text.CySysWdtGetClearOnMatch
                0x00000000       0x24 .\CortexM0\ARM_GCC_541\Debug\Buton_RGB.a(CyLFClk.o)
 .text.CySysWdtEnable
                0x00000000       0x40 .\CortexM0\ARM_GCC_541\Debug\Buton_RGB.a(CyLFClk.o)
 .text.CySysWdtDisable
                0x00000000       0x44 .\CortexM0\ARM_GCC_541\Debug\Buton_RGB.a(CyLFClk.o)
 .text.CySysWdtSetCascade
                0x00000000       0x34 .\CortexM0\ARM_GCC_541\Debug\Buton_RGB.a(CyLFClk.o)
 .text.CySysWdtGetCascade
                0x00000000       0x14 .\CortexM0\ARM_GCC_541\Debug\Buton_RGB.a(CyLFClk.o)
 .text.CySysWdtSetMatch
                0x00000000       0x38 .\CortexM0\ARM_GCC_541\Debug\Buton_RGB.a(CyLFClk.o)
 .text.CySysWdtSetToggleBit
                0x00000000       0x30 .\CortexM0\ARM_GCC_541\Debug\Buton_RGB.a(CyLFClk.o)
 .text.CySysWdtGetToggleBit
                0x00000000       0x10 .\CortexM0\ARM_GCC_541\Debug\Buton_RGB.a(CyLFClk.o)
 .text.CySysWdtGetMatch
                0x00000000       0x20 .\CortexM0\ARM_GCC_541\Debug\Buton_RGB.a(CyLFClk.o)
 .text.CySysWdtGetCount
                0x00000000       0x3c .\CortexM0\ARM_GCC_541\Debug\Buton_RGB.a(CyLFClk.o)
 .text.CySysClkLfclkPosedgeCatch
                0x00000000       0x74 .\CortexM0\ARM_GCC_541\Debug\Buton_RGB.a(CyLFClk.o)
 .text.CySysClkIloStop
                0x00000000       0x38 .\CortexM0\ARM_GCC_541\Debug\Buton_RGB.a(CyLFClk.o)
 .text.CySysWdtGetInterruptSource
                0x00000000       0x14 .\CortexM0\ARM_GCC_541\Debug\Buton_RGB.a(CyLFClk.o)
 .text.CySysWdtResetCounters
                0x00000000       0x20 .\CortexM0\ARM_GCC_541\Debug\Buton_RGB.a(CyLFClk.o)
 .text.CySysWdtSetInterruptCallback
                0x00000000       0x20 .\CortexM0\ARM_GCC_541\Debug\Buton_RGB.a(CyLFClk.o)
 .text.CySysWdtGetInterruptCallback
                0x00000000       0x20 .\CortexM0\ARM_GCC_541\Debug\Buton_RGB.a(CyLFClk.o)
 .text.CySysWdtEnableCounterIsr
                0x00000000       0x34 .\CortexM0\ARM_GCC_541\Debug\Buton_RGB.a(CyLFClk.o)
 .text.CySysWdtDisableCounterIsr
                0x00000000       0x28 .\CortexM0\ARM_GCC_541\Debug\Buton_RGB.a(CyLFClk.o)
 .text.CySysWatchdogFeed
                0x00000000       0x60 .\CortexM0\ARM_GCC_541\Debug\Buton_RGB.a(CyLFClk.o)
 .text.CySysTimerDelayUntilMatch
                0x00000000       0x6c .\CortexM0\ARM_GCC_541\Debug\Buton_RGB.a(CyLFClk.o)
 .text.CySysTimerDelay
                0x00000000       0x3c .\CortexM0\ARM_GCC_541\Debug\Buton_RGB.a(CyLFClk.o)
 .rodata        0x00000000        0xc .\CortexM0\ARM_GCC_541\Debug\Buton_RGB.a(CyLFClk.o)
 .data          0x00000000        0x0 .\CortexM0\ARM_GCC_541\Debug\Buton_RGB.a(CyBootAsmGnu.o)
 .bss           0x00000000        0x0 .\CortexM0\ARM_GCC_541\Debug\Buton_RGB.a(CyBootAsmGnu.o)
 .text          0x00000000      0x114 c:/program files (x86)/cypress/psoc creator/4.4/psoc creator/import/gnu/arm/5.4.1/bin/../lib/gcc/arm-none-eabi/5.4.1/armv6-m\libgcc.a(_udivsi3.o)
 .data          0x00000000        0x0 c:/program files (x86)/cypress/psoc creator/4.4/psoc creator/import/gnu/arm/5.4.1/bin/../lib/gcc/arm-none-eabi/5.4.1/armv6-m\libgcc.a(_udivsi3.o)
 .bss           0x00000000        0x0 c:/program files (x86)/cypress/psoc creator/4.4/psoc creator/import/gnu/arm/5.4.1/bin/../lib/gcc/arm-none-eabi/5.4.1/armv6-m\libgcc.a(_udivsi3.o)
 .text          0x00000000        0x4 c:/program files (x86)/cypress/psoc creator/4.4/psoc creator/import/gnu/arm/5.4.1/bin/../lib/gcc/arm-none-eabi/5.4.1/armv6-m\libgcc.a(_dvmd_tls.o)
 .data          0x00000000        0x0 c:/program files (x86)/cypress/psoc creator/4.4/psoc creator/import/gnu/arm/5.4.1/bin/../lib/gcc/arm-none-eabi/5.4.1/armv6-m\libgcc.a(_dvmd_tls.o)
 .bss           0x00000000        0x0 c:/program files (x86)/cypress/psoc creator/4.4/psoc creator/import/gnu/arm/5.4.1/bin/../lib/gcc/arm-none-eabi/5.4.1/armv6-m\libgcc.a(_dvmd_tls.o)
 .text          0x00000000        0x0 c:/program files (x86)/cypress/psoc creator/4.4/psoc creator/import/gnu/arm/5.4.1/bin/../lib/gcc/arm-none-eabi/5.4.1/../../../../arm-none-eabi/lib/armv6-m\libg_nano.a(lib_a-errno.o)
 .data          0x00000000        0x0 c:/program files (x86)/cypress/psoc creator/4.4/psoc creator/import/gnu/arm/5.4.1/bin/../lib/gcc/arm-none-eabi/5.4.1/../../../../arm-none-eabi/lib/armv6-m\libg_nano.a(lib_a-errno.o)
 .bss           0x00000000        0x0 c:/program files (x86)/cypress/psoc creator/4.4/psoc creator/import/gnu/arm/5.4.1/bin/../lib/gcc/arm-none-eabi/5.4.1/../../../../arm-none-eabi/lib/armv6-m\libg_nano.a(lib_a-errno.o)
 .text          0x00000000        0x0 c:/program files (x86)/cypress/psoc creator/4.4/psoc creator/import/gnu/arm/5.4.1/bin/../lib/gcc/arm-none-eabi/5.4.1/../../../../arm-none-eabi/lib/armv6-m\libg_nano.a(lib_a-exit.o)
 .data          0x00000000        0x0 c:/program files (x86)/cypress/psoc creator/4.4/psoc creator/import/gnu/arm/5.4.1/bin/../lib/gcc/arm-none-eabi/5.4.1/../../../../arm-none-eabi/lib/armv6-m\libg_nano.a(lib_a-exit.o)
 .bss           0x00000000        0x0 c:/program files (x86)/cypress/psoc creator/4.4/psoc creator/import/gnu/arm/5.4.1/bin/../lib/gcc/arm-none-eabi/5.4.1/../../../../arm-none-eabi/lib/armv6-m\libg_nano.a(lib_a-exit.o)
 .text.exit     0x00000000       0x2c c:/program files (x86)/cypress/psoc creator/4.4/psoc creator/import/gnu/arm/5.4.1/bin/../lib/gcc/arm-none-eabi/5.4.1/../../../../arm-none-eabi/lib/armv6-m\libg_nano.a(lib_a-exit.o)
 .text          0x00000000        0x0 c:/program files (x86)/cypress/psoc creator/4.4/psoc creator/import/gnu/arm/5.4.1/bin/../lib/gcc/arm-none-eabi/5.4.1/../../../../arm-none-eabi/lib/armv6-m\libg_nano.a(lib_a-impure.o)
 .data          0x00000000        0x0 c:/program files (x86)/cypress/psoc creator/4.4/psoc creator/import/gnu/arm/5.4.1/bin/../lib/gcc/arm-none-eabi/5.4.1/../../../../arm-none-eabi/lib/armv6-m\libg_nano.a(lib_a-impure.o)
 .bss           0x00000000        0x0 c:/program files (x86)/cypress/psoc creator/4.4/psoc creator/import/gnu/arm/5.4.1/bin/../lib/gcc/arm-none-eabi/5.4.1/../../../../arm-none-eabi/lib/armv6-m\libg_nano.a(lib_a-impure.o)
 .rodata._global_impure_ptr
                0x00000000        0x4 c:/program files (x86)/cypress/psoc creator/4.4/psoc creator/import/gnu/arm/5.4.1/bin/../lib/gcc/arm-none-eabi/5.4.1/../../../../arm-none-eabi/lib/armv6-m\libg_nano.a(lib_a-impure.o)
 .text          0x00000000        0x0 c:/program files (x86)/cypress/psoc creator/4.4/psoc creator/import/gnu/arm/5.4.1/bin/../lib/gcc/arm-none-eabi/5.4.1/../../../../arm-none-eabi/lib/armv6-m\libg_nano.a(lib_a-init.o)
 .data          0x00000000        0x0 c:/program files (x86)/cypress/psoc creator/4.4/psoc creator/import/gnu/arm/5.4.1/bin/../lib/gcc/arm-none-eabi/5.4.1/../../../../arm-none-eabi/lib/armv6-m\libg_nano.a(lib_a-init.o)
 .bss           0x00000000        0x0 c:/program files (x86)/cypress/psoc creator/4.4/psoc creator/import/gnu/arm/5.4.1/bin/../lib/gcc/arm-none-eabi/5.4.1/../../../../arm-none-eabi/lib/armv6-m\libg_nano.a(lib_a-init.o)
 .text          0x00000000        0x0 c:/program files (x86)/cypress/psoc creator/4.4/psoc creator/import/gnu/arm/5.4.1/bin/../lib/gcc/arm-none-eabi/5.4.1/../../../../arm-none-eabi/lib/armv6-m\libg_nano.a(lib_a-memset.o)
 .data          0x00000000        0x0 c:/program files (x86)/cypress/psoc creator/4.4/psoc creator/import/gnu/arm/5.4.1/bin/../lib/gcc/arm-none-eabi/5.4.1/../../../../arm-none-eabi/lib/armv6-m\libg_nano.a(lib_a-memset.o)
 .bss           0x00000000        0x0 c:/program files (x86)/cypress/psoc creator/4.4/psoc creator/import/gnu/arm/5.4.1/bin/../lib/gcc/arm-none-eabi/5.4.1/../../../../arm-none-eabi/lib/armv6-m\libg_nano.a(lib_a-memset.o)
 .text          0x00000000        0x0 c:/program files (x86)/cypress/psoc creator/4.4/psoc creator/import/gnu/arm/5.4.1/bin/../lib/gcc/arm-none-eabi/5.4.1/armv6-m/crtend.o
 .data          0x00000000        0x0 c:/program files (x86)/cypress/psoc creator/4.4/psoc creator/import/gnu/arm/5.4.1/bin/../lib/gcc/arm-none-eabi/5.4.1/armv6-m/crtend.o
 .bss           0x00000000        0x0 c:/program files (x86)/cypress/psoc creator/4.4/psoc creator/import/gnu/arm/5.4.1/bin/../lib/gcc/arm-none-eabi/5.4.1/armv6-m/crtend.o
 .text          0x00000000        0x0 c:/program files (x86)/cypress/psoc creator/4.4/psoc creator/import/gnu/arm/5.4.1/bin/../lib/gcc/arm-none-eabi/5.4.1/armv6-m/crtn.o
 .data          0x00000000        0x0 c:/program files (x86)/cypress/psoc creator/4.4/psoc creator/import/gnu/arm/5.4.1/bin/../lib/gcc/arm-none-eabi/5.4.1/armv6-m/crtn.o
 .bss           0x00000000        0x0 c:/program files (x86)/cypress/psoc creator/4.4/psoc creator/import/gnu/arm/5.4.1/bin/../lib/gcc/arm-none-eabi/5.4.1/armv6-m/crtn.o

Memory Configuration

Name             Origin             Length             Attributes
rom              0x00000000         0x00008000         xr
ram              0x20000000         0x00001000         xrw
*default*        0x00000000         0xffffffff

Linker script and memory map

LOAD c:/program files (x86)/cypress/psoc creator/4.4/psoc creator/import/gnu/arm/5.4.1/bin/../lib/gcc/arm-none-eabi/5.4.1/armv6-m/crti.o
LOAD c:/program files (x86)/cypress/psoc creator/4.4/psoc creator/import/gnu/arm/5.4.1/bin/../lib/gcc/arm-none-eabi/5.4.1/armv6-m/crtbegin.o
LOAD c:/program files (x86)/cypress/psoc creator/4.4/psoc creator/import/gnu/arm/5.4.1/bin/../lib/gcc/arm-none-eabi/5.4.1/../../../../arm-none-eabi/lib/armv6-m/crt0.o
START GROUP
LOAD .\CortexM0\ARM_GCC_541\Debug\main.o
LOAD .\CortexM0\ARM_GCC_541\Debug\cyfitter_cfg.o
LOAD .\CortexM0\ARM_GCC_541\Debug\cymetadata.o
LOAD .\CortexM0\ARM_GCC_541\Debug\Cm0Start.o
LOAD .\CortexM0\ARM_GCC_541\Debug\Buton_RGB.a
END GROUP
START GROUP
LOAD c:/program files (x86)/cypress/psoc creator/4.4/psoc creator/import/gnu/arm/5.4.1/bin/../lib/gcc/arm-none-eabi/5.4.1/armv6-m\libgcc.a
LOAD c:/program files (x86)/cypress/psoc creator/4.4/psoc creator/import/gnu/arm/5.4.1/bin/../lib/gcc/arm-none-eabi/5.4.1/../../../../arm-none-eabi/lib/armv6-m\libg_nano.a
LOAD c:/program files (x86)/cypress/psoc creator/4.4/psoc creator/import/gnu/arm/5.4.1/bin/../lib/gcc/arm-none-eabi/5.4.1/../../../../arm-none-eabi/lib/armv6-m\libc_nano.a
END GROUP
START GROUP
LOAD c:/program files (x86)/cypress/psoc creator/4.4/psoc creator/import/gnu/arm/5.4.1/bin/../lib/gcc/arm-none-eabi/5.4.1/armv6-m\libgcc.a
LOAD c:/program files (x86)/cypress/psoc creator/4.4/psoc creator/import/gnu/arm/5.4.1/bin/../lib/gcc/arm-none-eabi/5.4.1/../../../../arm-none-eabi/lib/armv6-m\libc_nano.a
END GROUP
LOAD c:/program files (x86)/cypress/psoc creator/4.4/psoc creator/import/gnu/arm/5.4.1/bin/../lib/gcc/arm-none-eabi/5.4.1/armv6-m/crtend.o
LOAD c:/program files (x86)/cypress/psoc creator/4.4/psoc creator/import/gnu/arm/5.4.1/bin/../lib/gcc/arm-none-eabi/5.4.1/armv6-m/crtn.o
START GROUP
LOAD c:/program files (x86)/cypress/psoc creator/4.4/psoc creator/import/gnu/arm/5.4.1/bin/../lib/gcc/arm-none-eabi/5.4.1/armv6-m\libgcc.a
LOAD c:/program files (x86)/cypress/psoc creator/4.4/psoc creator/import/gnu/arm/5.4.1/bin/../lib/gcc/arm-none-eabi/5.4.1/../../../../arm-none-eabi/lib/armv6-m\libc.a
LOAD c:/program files (x86)/cypress/psoc creator/4.4/psoc creator/import/gnu/arm/5.4.1/bin/../lib/gcc/arm-none-eabi/5.4.1/../../../../arm-none-eabi/lib/armv6-m\libnosys.a
END GROUP
                0x00000000                CY_APPL_ORIGIN = 0x0
                0x00000080                CY_FLASH_ROW_SIZE = 0x80
                0x00000001                CY_APPL_NUM = 0x1
                0x00000001                CY_APPL_MAX = 0x1
                0x00000040                CY_METADATA_SIZE = 0x40
                0x00000000                CY_APPL_LOADABLE = 0x0
                0x00000000                CY_CHECKSUM_EXCLUDE_SIZE = ALIGN (0x0, CY_FLASH_ROW_SIZE)
                0x00000000                CY_APP_FOR_STACK_AND_COPIER = 0x0
                [!provide]                PROVIDE (__cy_heap_start, _end)
                0x00000001                PROVIDE (__cy_region_num, ((__cy_regions_end - __cy_regions) / 0x10))
                0x20001000                PROVIDE (__cy_stack, (ORIGIN (ram) + LENGTH (ram)))
                [!provide]                PROVIDE (__cy_heap_end, (__cy_stack - 0x400))

.cybootloader   0x00000000        0x0
 *(.cybootloader)
                0x00000000                appl1_start = CY_APPL_ORIGIN?CY_APPL_ORIGIN:ALIGN (CY_FLASH_ROW_SIZE)
                0x00003f80                appl2_start = (appl1_start + ALIGN ((((LENGTH (rom) - appl1_start) - (0x2 * CY_FLASH_ROW_SIZE)) / 0x2), CY_FLASH_ROW_SIZE))
                0x00000000                appl_start = (CY_APPL_NUM == 0x1)?appl1_start:appl2_start
                0x00000001                cy_project_type_bootloader = (appl_start == 0x0)?0x1:0x0
                0x00000000                cy_project_type_app_for_stack_and_copier = (CY_APP_FOR_STACK_AND_COPIER == 0x1)?0x1:0x0

.text           0x00000000      0x684
 CREATE_OBJECT_SYMBOLS
                0x00000000                PROVIDE (__cy_interrupt_vector, RomVectors)
 *(.romvectors)
 .romvectors    0x00000000       0x10 .\CortexM0\ARM_GCC_541\Debug\Cm0Start.o
                0x00000000                RomVectors
                0x00000001                ASSERT ((. != __cy_interrupt_vector), No interrupt vector)
                0x00000001                ASSERT (CY_APPL_ORIGIN?(SIZEOF (.cybootloader) <= CY_APPL_ORIGIN):0x1, Wrong image location)
                0x00000010                PROVIDE (__cy_reset, Reset)
 *(.text.Reset)
 .text.Reset    0x00000010        0x8 .\CortexM0\ARM_GCC_541\Debug\Cm0Start.o
                0x00000010                Reset
                0x00000001                ASSERT ((. != __cy_reset), No reset code)
 *(.psocinit)
 .psocinit      0x00000018       0xfc .\CortexM0\ARM_GCC_541\Debug\cyfitter_cfg.o
                0x00000074                cyfitter_cfg
                0x00000114                . = MAX (., 0x100)
 *(.text .text.* .gnu.linkonce.t.*)
 .text          0x00000114       0x60 c:/program files (x86)/cypress/psoc creator/4.4/psoc creator/import/gnu/arm/5.4.1/bin/../lib/gcc/arm-none-eabi/5.4.1/armv6-m/crtbegin.o
 .text.main     0x00000174       0x54 .\CortexM0\ARM_GCC_541\Debug\main.o
                0x00000174                main
 .text.CYMEMZERO
                0x000001c8        0xc .\CortexM0\ARM_GCC_541\Debug\cyfitter_cfg.o
 .text.IntDefaultHandler
                0x000001d4       0x10 .\CortexM0\ARM_GCC_541\Debug\Cm0Start.o
                0x000001d4                IntDefaultHandler
 .text.Start_c  0x000001e4       0x48 .\CortexM0\ARM_GCC_541\Debug\Cm0Start.o
                0x000001e4                Start_c
 .text.initialize_psoc
                0x0000022c       0x40 .\CortexM0\ARM_GCC_541\Debug\Cm0Start.o
                0x0000022c                initialize_psoc
 .text.BLUE_Write
                0x0000026c       0x18 .\CortexM0\ARM_GCC_541\Debug\Buton_RGB.a(BLUE.o)
                0x0000026c                BLUE_Write
 .text.GREEN_Write
                0x00000284       0x18 .\CortexM0\ARM_GCC_541\Debug\Buton_RGB.a(GREEN.o)
                0x00000284                GREEN_Write
 .text.RED_Write
                0x0000029c       0x18 .\CortexM0\ARM_GCC_541\Debug\Buton_RGB.a(RED.o)
                0x0000029c                RED_Write
 .text.buton_Read
                0x000002b4       0x10 .\CortexM0\ARM_GCC_541\Debug\Buton_RGB.a(buton.o)
                0x000002b4                buton_Read
 .text.CyIntEnable
                0x000002c4       0x14 .\CortexM0\ARM_GCC_541\Debug\Buton_RGB.a(CyLib.o)
                0x000002c4                CyIntEnable
 .text.CyHalt   0x000002d8        0x4 .\CortexM0\ARM_GCC_541\Debug\Buton_RGB.a(CyLib.o)
                0x000002d8                CyHalt
 .text.CyIntSetVector
                0x000002dc       0x24 .\CortexM0\ARM_GCC_541\Debug\Buton_RGB.a(CyLib.o)
                0x000002dc                CyIntSetVector
 .text.CyDelay  0x00000300       0x30 .\CortexM0\ARM_GCC_541\Debug\Buton_RGB.a(CyLib.o)
                0x00000300                CyDelay
 .text.CyDelayUs
                0x00000330       0x14 .\CortexM0\ARM_GCC_541\Debug\Buton_RGB.a(CyLib.o)
                0x00000330                CyDelayUs
 .text.CySysClkWriteImoFreq
                0x00000344      0x164 .\CortexM0\ARM_GCC_541\Debug\Buton_RGB.a(CyLib.o)
                0x00000344                CySysClkWriteImoFreq
 .text.CySysWdtLocked
                0x000004a8       0x14 .\CortexM0\ARM_GCC_541\Debug\Buton_RGB.a(CyLFClk.o)
 .text.CySysWdtLock
                0x000004bc       0x1c .\CortexM0\ARM_GCC_541\Debug\Buton_RGB.a(CyLFClk.o)
                0x000004bc                CySysWdtLock
 .text.CySysWdtUnlock
                0x000004d8       0x30 .\CortexM0\ARM_GCC_541\Debug\Buton_RGB.a(CyLFClk.o)
                0x000004d8                CySysWdtUnlock
 .text.CySysWdtClearInterrupt
                0x00000508       0x4c .\CortexM0\ARM_GCC_541\Debug\Buton_RGB.a(CyLFClk.o)
                0x00000508                CySysWdtClearInterrupt
 .text.CySysWdtIsr
                0x00000554       0xa4 .\CortexM0\ARM_GCC_541\Debug\Buton_RGB.a(CyLFClk.o)
                0x00000554                CySysWdtIsr
 .text          0x000005f8       0x24 .\CortexM0\ARM_GCC_541\Debug\Buton_RGB.a(CyBootAsmGnu.o)
                0x000005f8                CyDelayCycles
                0x0000060c                CyEnterCriticalSection
                0x00000614                CyExitCriticalSection
 .text.__errno  0x0000061c        0xc c:/program files (x86)/cypress/psoc creator/4.4/psoc creator/import/gnu/arm/5.4.1/bin/../lib/gcc/arm-none-eabi/5.4.1/../../../../arm-none-eabi/lib/armv6-m\libg_nano.a(lib_a-errno.o)
                0x0000061c                __errno
 .text.__libc_init_array
                0x00000628       0x4c c:/program files (x86)/cypress/psoc creator/4.4/psoc creator/import/gnu/arm/5.4.1/bin/../lib/gcc/arm-none-eabi/5.4.1/../../../../arm-none-eabi/lib/armv6-m\libg_nano.a(lib_a-init.o)
                0x00000628                __libc_init_array
 .text.memset   0x00000674       0x10 c:/program files (x86)/cypress/psoc creator/4.4/psoc creator/import/gnu/arm/5.4.1/bin/../lib/gcc/arm-none-eabi/5.4.1/../../../../arm-none-eabi/lib/armv6-m\libg_nano.a(lib_a-memset.o)
                0x00000674                memset
 *(.plt)
 *(.gnu.warning)
 *(.glue_7t)
 .glue_7t       0x00000684        0x0 linker stubs
 *(.glue_7)
 .glue_7        0x00000684        0x0 linker stubs
 *(.vfp11_veneer)
 .vfp11_veneer  0x00000684        0x0 linker stubs
 *(.bootloader)
 *(.ARM.extab* .gnu.linkonce.armextab.*)
 *(.gcc_except_table)

.v4_bx          0x00000684        0x0
 .v4_bx         0x00000684        0x0 linker stubs

.iplt           0x00000684        0x0
 .iplt          0x00000684        0x0 c:/program files (x86)/cypress/psoc creator/4.4/psoc creator/import/gnu/arm/5.4.1/bin/../lib/gcc/arm-none-eabi/5.4.1/armv6-m/crtbegin.o

.eh_frame_hdr
 *(.eh_frame_hdr)

.eh_frame       0x00000684        0x4
 *(.eh_frame)
 .eh_frame      0x00000684        0x0 c:/program files (x86)/cypress/psoc creator/4.4/psoc creator/import/gnu/arm/5.4.1/bin/../lib/gcc/arm-none-eabi/5.4.1/armv6-m/crtbegin.o
 .eh_frame      0x00000684        0x4 c:/program files (x86)/cypress/psoc creator/4.4/psoc creator/import/gnu/arm/5.4.1/bin/../lib/gcc/arm-none-eabi/5.4.1/armv6-m/crtend.o
                [!provide]                PROVIDE (__exidx_start, .)

.ARM.exidx
 *(.ARM.exidx* .gnu.linkonce.armexidx.*)
                0x00000688                __exidx_end = .

.rodata         0x00000688       0x70
 *(.rodata .rodata.* .gnu.linkonce.r.*)
 .rodata        0x00000688        0xc .\CortexM0\ARM_GCC_541\Debug\cyfitter_cfg.o
 .rodata        0x00000694       0x2e .\CortexM0\ARM_GCC_541\Debug\Buton_RGB.a(CyLib.o)
                0x00000694                cyImoFreqMhz2Reg
 .rodata.str1.1
                0x000006c2        0x2 c:/program files (x86)/cypress/psoc creator/4.4/psoc creator/import/gnu/arm/5.4.1/bin/../lib/gcc/arm-none-eabi/5.4.1/../../../../arm-none-eabi/lib/armv6-m\libg_nano.a(lib_a-impure.o)
                0x000006c4                . = ALIGN (0x4)
 *(.init)
 .init          0x000006c4        0x4 c:/program files (x86)/cypress/psoc creator/4.4/psoc creator/import/gnu/arm/5.4.1/bin/../lib/gcc/arm-none-eabi/5.4.1/armv6-m/crti.o
                0x000006c4                _init
 .init          0x000006c8        0x8 c:/program files (x86)/cypress/psoc creator/4.4/psoc creator/import/gnu/arm/5.4.1/bin/../lib/gcc/arm-none-eabi/5.4.1/armv6-m/crtn.o
                0x000006d0                . = ALIGN (0x4)
                0x000006d0                __preinit_array_start = .
 *(.preinit_array)
                0x000006d0                __preinit_array_end = .
                0x000006d0                . = ALIGN (0x4)
                0x000006d0                __init_array_start = .
 *(SORT(.init_array.*))
 *(.init_array)
 .init_array    0x000006d0        0x4 c:/program files (x86)/cypress/psoc creator/4.4/psoc creator/import/gnu/arm/5.4.1/bin/../lib/gcc/arm-none-eabi/5.4.1/armv6-m/crtbegin.o
 .init_array    0x000006d4        0x4 .\CortexM0\ARM_GCC_541\Debug\Cm0Start.o
                0x000006d8                __init_array_end = .
                0x000006d8                . = ALIGN (0x4)
 *(.fini)
 .fini          0x000006d8        0x4 c:/program files (x86)/cypress/psoc creator/4.4/psoc creator/import/gnu/arm/5.4.1/bin/../lib/gcc/arm-none-eabi/5.4.1/armv6-m/crti.o
                0x000006d8                _fini
 .fini          0x000006dc        0x8 c:/program files (x86)/cypress/psoc creator/4.4/psoc creator/import/gnu/arm/5.4.1/bin/../lib/gcc/arm-none-eabi/5.4.1/armv6-m/crtn.o
                0x000006e4                . = ALIGN (0x4)
                0x000006e4                __fini_array_start = .
 *(.fini_array)
 .fini_array    0x000006e4        0x4 c:/program files (x86)/cypress/psoc creator/4.4/psoc creator/import/gnu/arm/5.4.1/bin/../lib/gcc/arm-none-eabi/5.4.1/armv6-m/crtbegin.o
 *(SORT(.fini_array.*))
                0x000006e8                __fini_array_end = .
                0x000006e8                . = ALIGN (0x4)
 *crtbegin.o(.ctors)
 *(EXCLUDE_FILE(*crtend.o) .ctors)
 *(SORT(.ctors.*))
 *crtend.o(.ctors)
                0x000006e8                . = ALIGN (0x4)
 *crtbegin.o(.dtors)
 *(EXCLUDE_FILE(*crtend.o) .dtors)
 *(SORT(.dtors.*))
 *crtend.o(.dtors)
                0x000006e8                . = ALIGN (0x4)
                0x000006e8                __cy_regions = .
                0x000006e8        0x4 LONG 0x6f8 __cy_region_init_ram
                0x000006ec        0x4 LONG 0x200000c0 __cy_region_start_data
                0x000006f0        0x4 LONG 0x80 __cy_region_init_size_ram
                0x000006f4        0x4 LONG 0x40 __cy_region_zero_size_ram
                0x000006f8                __cy_regions_end = .
                0x000006f8                . = ALIGN (0x8)
                0x000006f8                _etext = .

.cy_checksum_exclude
                0x000006f8        0x0
 *(.cy_checksum_exclude)

.ramvectors     0x20000000       0xc0
                0x20000000                __cy_region_start_ram = .
 *(.ramvectors)
 .ramvectors    0x20000000       0xc0 .\CortexM0\ARM_GCC_541\Debug\Cm0Start.o
                0x20000000                CyRamVectors

.noinit
 *(.noinit)

.data           0x200000c0       0x80 load address 0x000006f8
                0x200000c0                __cy_region_start_data = .
 *(.jcr)
 .jcr           0x200000c0        0x0 c:/program files (x86)/cypress/psoc creator/4.4/psoc creator/import/gnu/arm/5.4.1/bin/../lib/gcc/arm-none-eabi/5.4.1/armv6-m/crtbegin.o
 .jcr           0x200000c0        0x4 c:/program files (x86)/cypress/psoc creator/4.4/psoc creator/import/gnu/arm/5.4.1/bin/../lib/gcc/arm-none-eabi/5.4.1/armv6-m/crtend.o
 *(.got.plt)
 *(.got)
 *(.shdata)
 *(.data .data.* .gnu.linkonce.d.*)
 .data          0x200000c4       0x14 .\CortexM0\ARM_GCC_541\Debug\Buton_RGB.a(CyLib.o)
                0x200000c4                CySysClkPumpConfig
                0x200000c8                cydelay32kMs
                0x200000cc                cydelayFreqKhz
                0x200000d0                cydelayFreqMhz
                0x200000d4                cydelayFreqHz
 .data          0x200000d8        0x4 .\CortexM0\ARM_GCC_541\Debug\Buton_RGB.a(CyLFClk.o)
 .data.impure_data
                0x200000dc       0x60 c:/program files (x86)/cypress/psoc creator/4.4/psoc creator/import/gnu/arm/5.4.1/bin/../lib/gcc/arm-none-eabi/5.4.1/../../../../arm-none-eabi/lib/armv6-m\libg_nano.a(lib_a-impure.o)
 .data._impure_ptr
                0x2000013c        0x4 c:/program files (x86)/cypress/psoc creator/4.4/psoc creator/import/gnu/arm/5.4.1/bin/../lib/gcc/arm-none-eabi/5.4.1/../../../../arm-none-eabi/lib/armv6-m\libg_nano.a(lib_a-impure.o)
                0x2000013c                _impure_ptr
                0x20000140                . = ALIGN (0x8)
 *(.ram)
                0x20000140                _edata = .

.igot.plt       0x20000140        0x0 load address 0x00000778
 .igot.plt      0x20000140        0x0 c:/program files (x86)/cypress/psoc creator/4.4/psoc creator/import/gnu/arm/5.4.1/bin/../lib/gcc/arm-none-eabi/5.4.1/armv6-m/crtbegin.o

.bss            0x20000140       0x40 load address 0x00000778
                0x20000140                PROVIDE (__bss_start__, .)
 *(.shbss)
 *(.bss .bss.* .gnu.linkonce.b.*)
 .bss           0x20000140       0x1c c:/program files (x86)/cypress/psoc creator/4.4/psoc creator/import/gnu/arm/5.4.1/bin/../lib/gcc/arm-none-eabi/5.4.1/armv6-m/crtbegin.o
 .bss           0x2000015c       0x20 .\CortexM0\ARM_GCC_541\Debug\Buton_RGB.a(CyLFClk.o)
 *(COMMON)
                0x20000180                . = ALIGN (0x8)
 *fill*         0x2000017c        0x4 
 *(.ram.b)
                0x20000180                _end = .
                0x20000180                __end = .
                0x20000180                PROVIDE (end, .)
                0x20000180                PROVIDE (__bss_end__, .)
                0x000006f8                __cy_region_init_ram = LOADADDR (.data)
                0x00000080                __cy_region_init_size_ram = (_edata - ADDR (.data))
                0x00000040                __cy_region_zero_size_ram = (_end - _edata)

.heap           0x20000180       0x80 load address 0x00000778
                0x20000180                . = _end
                0x20000200                . = (. + 0x80)
 *fill*         0x20000180       0x80 
                0x20000200                __cy_heap_limit = .

.stack          0x20000c00      0x400
                0x20000c00                __cy_stack_limit = .
                0x20001000                . = (. + 0x400)
 *fill*         0x20000c00      0x400 
                0x00000001                ASSERT ((__cy_stack_limit >= __cy_heap_limit), region RAM overflowed with stack)
                0x00000000                cy_checksum_exclude_size = (CY_APPL_LOADABLE == 0x1)?SIZEOF (.cy_checksum_exclude):0x0
                0x00000001                ASSERT ((cy_checksum_exclude_size <= CY_CHECKSUM_EXCLUDE_SIZE), CY_BOOT: Section .cy_checksum_exclude size exceedes specified limit.)
                0x00007fc0                cyloadermeta_start = (cy_project_type_bootloader || cy_project_type_app_for_stack_and_copier)?(LENGTH (rom) - CY_METADATA_SIZE):0xf0000000

.cyloadermeta
 *(.cyloadermeta)
                0x00007fc0                cyloadablemeta_start = cy_project_type_app_for_stack_and_copier?((LENGTH (rom) - CY_FLASH_ROW_SIZE) - CY_METADATA_SIZE):((LENGTH (rom) - (CY_FLASH_ROW_SIZE * (CY_APPL_NUM - 0x1))) - CY_METADATA_SIZE)

.cyloadablemeta
 *(.cyloadablemeta)

.cyflashprotect
                0x90400000       0x20
 *(.cyflashprotect)
 .cyflashprotect
                0x90400000       0x20 .\CortexM0\ARM_GCC_541\Debug\cymetadata.o
                0x90400000                cy_meta_flashprotect

.cymeta         0x90500000        0xc
 *(.cymeta)
 .cymeta        0x90500000        0xc .\CortexM0\ARM_GCC_541\Debug\cymetadata.o
                0x90500000                cy_metadata

.cychipprotect  0x90600000        0x1
 *(.cychipprotect)
 .cychipprotect
                0x90600000        0x1 .\CortexM0\ARM_GCC_541\Debug\cymetadata.o
                0x90600000                cy_meta_chipprotect

.rel.dyn        0x00000778        0x0 load address 0x90600004
 .rel.iplt      0x00000778        0x0 c:/program files (x86)/cypress/psoc creator/4.4/psoc creator/import/gnu/arm/5.4.1/bin/../lib/gcc/arm-none-eabi/5.4.1/armv6-m/crtbegin.o

.stab
 *(.stab)

.stabstr
 *(.stabstr)

.debug
 *(.debug)

.line
 *(.line)

.debug_srcinfo
 *(.debug_srcinfo)

.debug_sfnames
 *(.debug_sfnames)

.debug_aranges  0x00000000      0x4a8
 *(.debug_aranges)
 .debug_aranges
                0x00000000       0x20 .\CortexM0\ARM_GCC_541\Debug\main.o
 .debug_aranges
                0x00000020       0x30 .\CortexM0\ARM_GCC_541\Debug\cyfitter_cfg.o
 .debug_aranges
                0x00000050       0x18 .\CortexM0\ARM_GCC_541\Debug\cymetadata.o
 .debug_aranges
                0x00000068       0x48 .\CortexM0\ARM_GCC_541\Debug\Cm0Start.o
 .debug_aranges
                0x000000b0       0x48 .\CortexM0\ARM_GCC_541\Debug\Buton_RGB.a(BLUE.o)
 .debug_aranges
                0x000000f8       0x48 .\CortexM0\ARM_GCC_541\Debug\Buton_RGB.a(GREEN.o)
 .debug_aranges
                0x00000140       0x48 .\CortexM0\ARM_GCC_541\Debug\Buton_RGB.a(RED.o)
 .debug_aranges
                0x00000188       0x48 .\CortexM0\ARM_GCC_541\Debug\Buton_RGB.a(buton.o)
 .debug_aranges
                0x000001d0      0x180 .\CortexM0\ARM_GCC_541\Debug\Buton_RGB.a(CyLib.o)
 .debug_aranges
                0x00000350      0x138 .\CortexM0\ARM_GCC_541\Debug\Buton_RGB.a(CyLFClk.o)
 .debug_aranges
                0x00000488       0x20 .\CortexM0\ARM_GCC_541\Debug\Buton_RGB.a(CyBootAsmGnu.o)

.debug_pubnames
 *(.debug_pubnames)

.debug_info     0x00000000     0x27bf
 *(.debug_info .gnu.linkonce.wi.*)
 .debug_info    0x00000000      0x1c5 .\CortexM0\ARM_GCC_541\Debug\main.o
 .debug_info    0x000001c5      0x278 .\CortexM0\ARM_GCC_541\Debug\cyfitter_cfg.o
 .debug_info    0x0000043d       0xf8 .\CortexM0\ARM_GCC_541\Debug\cymetadata.o
 .debug_info    0x00000535      0x3a2 .\CortexM0\ARM_GCC_541\Debug\Cm0Start.o
 .debug_info    0x000008d7      0x19d .\CortexM0\ARM_GCC_541\Debug\Buton_RGB.a(BLUE.o)
 .debug_info    0x00000a74      0x19d .\CortexM0\ARM_GCC_541\Debug\Buton_RGB.a(GREEN.o)
 .debug_info    0x00000c11      0x19d .\CortexM0\ARM_GCC_541\Debug\Buton_RGB.a(RED.o)
 .debug_info    0x00000dae      0x19d .\CortexM0\ARM_GCC_541\Debug\Buton_RGB.a(buton.o)
 .debug_info    0x00000f4b      0xaed .\CortexM0\ARM_GCC_541\Debug\Buton_RGB.a(CyLib.o)
 .debug_info    0x00001a38      0xcfe .\CortexM0\ARM_GCC_541\Debug\Buton_RGB.a(CyLFClk.o)
 .debug_info    0x00002736       0x89 .\CortexM0\ARM_GCC_541\Debug\Buton_RGB.a(CyBootAsmGnu.o)

.debug_abbrev   0x00000000      0xb24
 *(.debug_abbrev)
 .debug_abbrev  0x00000000       0x89 .\CortexM0\ARM_GCC_541\Debug\main.o
 .debug_abbrev  0x00000089      0x150 .\CortexM0\ARM_GCC_541\Debug\cyfitter_cfg.o
 .debug_abbrev  0x000001d9       0x5d .\CortexM0\ARM_GCC_541\Debug\cymetadata.o
 .debug_abbrev  0x00000236      0x1d7 .\CortexM0\ARM_GCC_541\Debug\Cm0Start.o
 .debug_abbrev  0x0000040d       0xc8 .\CortexM0\ARM_GCC_541\Debug\Buton_RGB.a(BLUE.o)
 .debug_abbrev  0x000004d5       0xc8 .\CortexM0\ARM_GCC_541\Debug\Buton_RGB.a(GREEN.o)
 .debug_abbrev  0x0000059d       0xc8 .\CortexM0\ARM_GCC_541\Debug\Buton_RGB.a(RED.o)
 .debug_abbrev  0x00000665       0xc8 .\CortexM0\ARM_GCC_541\Debug\Buton_RGB.a(buton.o)
 .debug_abbrev  0x0000072d      0x1d3 .\CortexM0\ARM_GCC_541\Debug\Buton_RGB.a(CyLib.o)
 .debug_abbrev  0x00000900      0x210 .\CortexM0\ARM_GCC_541\Debug\Buton_RGB.a(CyLFClk.o)
 .debug_abbrev  0x00000b10       0x14 .\CortexM0\ARM_GCC_541\Debug\Buton_RGB.a(CyBootAsmGnu.o)

.debug_line     0x00000000     0x1154
 *(.debug_line)
 .debug_line    0x00000000       0x8f .\CortexM0\ARM_GCC_541\Debug\main.o
 .debug_line    0x0000008f      0x12f .\CortexM0\ARM_GCC_541\Debug\cyfitter_cfg.o
 .debug_line    0x000001be      0x141 .\CortexM0\ARM_GCC_541\Debug\cymetadata.o
 .debug_line    0x000002ff      0x235 .\CortexM0\ARM_GCC_541\Debug\Cm0Start.o
 .debug_line    0x00000534       0xbc .\CortexM0\ARM_GCC_541\Debug\Buton_RGB.a(BLUE.o)
 .debug_line    0x000005f0       0xbd .\CortexM0\ARM_GCC_541\Debug\Buton_RGB.a(GREEN.o)
 .debug_line    0x000006ad       0xbb .\CortexM0\ARM_GCC_541\Debug\Buton_RGB.a(RED.o)
 .debug_line    0x00000768       0xbd .\CortexM0\ARM_GCC_541\Debug\Buton_RGB.a(buton.o)
 .debug_line    0x00000825      0x460 .\CortexM0\ARM_GCC_541\Debug\Buton_RGB.a(CyLib.o)
 .debug_line    0x00000c85      0x466 .\CortexM0\ARM_GCC_541\Debug\Buton_RGB.a(CyLFClk.o)
 .debug_line    0x000010eb       0x69 .\CortexM0\ARM_GCC_541\Debug\Buton_RGB.a(CyBootAsmGnu.o)

.debug_frame    0x00000000      0xb4c
 *(.debug_frame)
 .debug_frame   0x00000000       0x2c .\CortexM0\ARM_GCC_541\Debug\main.o
 .debug_frame   0x0000002c       0x68 .\CortexM0\ARM_GCC_541\Debug\cyfitter_cfg.o
 .debug_frame   0x00000094       0xbc .\CortexM0\ARM_GCC_541\Debug\Cm0Start.o
 .debug_frame   0x00000150       0x70 .\CortexM0\ARM_GCC_541\Debug\Buton_RGB.a(BLUE.o)
 .debug_frame   0x000001c0       0x70 .\CortexM0\ARM_GCC_541\Debug\Buton_RGB.a(GREEN.o)
 .debug_frame   0x00000230       0x70 .\CortexM0\ARM_GCC_541\Debug\Buton_RGB.a(RED.o)
 .debug_frame   0x000002a0       0x70 .\CortexM0\ARM_GCC_541\Debug\Buton_RGB.a(buton.o)
 .debug_frame   0x00000310      0x3e0 .\CortexM0\ARM_GCC_541\Debug\Buton_RGB.a(CyLib.o)
 .debug_frame   0x000006f0      0x3a8 .\CortexM0\ARM_GCC_541\Debug\Buton_RGB.a(CyLFClk.o)
 .debug_frame   0x00000a98       0x20 c:/program files (x86)/cypress/psoc creator/4.4/psoc creator/import/gnu/arm/5.4.1/bin/../lib/gcc/arm-none-eabi/5.4.1/armv6-m\libgcc.a(_udivsi3.o)
 .debug_frame   0x00000ab8       0x20 c:/program files (x86)/cypress/psoc creator/4.4/psoc creator/import/gnu/arm/5.4.1/bin/../lib/gcc/arm-none-eabi/5.4.1/../../../../arm-none-eabi/lib/armv6-m\libg_nano.a(lib_a-errno.o)
 .debug_frame   0x00000ad8       0x28 c:/program files (x86)/cypress/psoc creator/4.4/psoc creator/import/gnu/arm/5.4.1/bin/../lib/gcc/arm-none-eabi/5.4.1/../../../../arm-none-eabi/lib/armv6-m\libg_nano.a(lib_a-exit.o)
 .debug_frame   0x00000b00       0x2c c:/program files (x86)/cypress/psoc creator/4.4/psoc creator/import/gnu/arm/5.4.1/bin/../lib/gcc/arm-none-eabi/5.4.1/../../../../arm-none-eabi/lib/armv6-m\libg_nano.a(lib_a-init.o)
 .debug_frame   0x00000b2c       0x20 c:/program files (x86)/cypress/psoc creator/4.4/psoc creator/import/gnu/arm/5.4.1/bin/../lib/gcc/arm-none-eabi/5.4.1/../../../../arm-none-eabi/lib/armv6-m\libg_nano.a(lib_a-memset.o)

.debug_str      0x00000000      0xfd0
 *(.debug_str)
 .debug_str     0x00000000      0x174 .\CortexM0\ARM_GCC_541\Debug\main.o
                                0x1b4 (size before relaxing)
 .debug_str     0x00000174       0xc2 .\CortexM0\ARM_GCC_541\Debug\cyfitter_cfg.o
                                0x243 (size before relaxing)
 .debug_str     0x00000236       0x63 .\CortexM0\ARM_GCC_541\Debug\cymetadata.o
                                0x1c1 (size before relaxing)
 .debug_str     0x00000299      0x140 .\CortexM0\ARM_GCC_541\Debug\Cm0Start.o
                                0x2fa (size before relaxing)
 .debug_str     0x000003d9       0xa4 .\CortexM0\ARM_GCC_541\Debug\Buton_RGB.a(BLUE.o)
                                0x228 (size before relaxing)
 .debug_str     0x0000047d       0x7b .\CortexM0\ARM_GCC_541\Debug\Buton_RGB.a(GREEN.o)
                                0x22f (size before relaxing)
 .debug_str     0x000004f8       0x6f .\CortexM0\ARM_GCC_541\Debug\Buton_RGB.a(RED.o)
                                0x221 (size before relaxing)
 .debug_str     0x00000567       0x7c .\CortexM0\ARM_GCC_541\Debug\Buton_RGB.a(buton.o)
                                0x22f (size before relaxing)
 .debug_str     0x000005e3      0x4c2 .\CortexM0\ARM_GCC_541\Debug\Buton_RGB.a(CyLib.o)
                                0x6af (size before relaxing)
 .debug_str     0x00000aa5      0x52b .\CortexM0\ARM_GCC_541\Debug\Buton_RGB.a(CyLFClk.o)
                                0x736 (size before relaxing)

.debug_loc      0x00000000     0x13ce
 *(.debug_loc)
 .debug_loc     0x00000000       0xa9 .\CortexM0\ARM_GCC_541\Debug\cyfitter_cfg.o
 .debug_loc     0x000000a9      0x14f .\CortexM0\ARM_GCC_541\Debug\Cm0Start.o
 .debug_loc     0x000001f8       0xa2 .\CortexM0\ARM_GCC_541\Debug\Buton_RGB.a(BLUE.o)
 .debug_loc     0x0000029a       0xa2 .\CortexM0\ARM_GCC_541\Debug\Buton_RGB.a(GREEN.o)
 .debug_loc     0x0000033c       0xa2 .\CortexM0\ARM_GCC_541\Debug\Buton_RGB.a(RED.o)
 .debug_loc     0x000003de       0xa2 .\CortexM0\ARM_GCC_541\Debug\Buton_RGB.a(buton.o)
 .debug_loc     0x00000480      0x599 .\CortexM0\ARM_GCC_541\Debug\Buton_RGB.a(CyLib.o)
 .debug_loc     0x00000a19      0x9b5 .\CortexM0\ARM_GCC_541\Debug\Buton_RGB.a(CyLFClk.o)

.debug_macinfo
 *(.debug_macinfo)

.debug_ranges   0x00000000      0x3e0
 *(.debug_ranges)
 .debug_ranges  0x00000000       0x10 .\CortexM0\ARM_GCC_541\Debug\main.o
 .debug_ranges  0x00000010       0x20 .\CortexM0\ARM_GCC_541\Debug\cyfitter_cfg.o
 .debug_ranges  0x00000030       0x38 .\CortexM0\ARM_GCC_541\Debug\Cm0Start.o
 .debug_ranges  0x00000068       0x38 .\CortexM0\ARM_GCC_541\Debug\Buton_RGB.a(BLUE.o)
 .debug_ranges  0x000000a0       0x38 .\CortexM0\ARM_GCC_541\Debug\Buton_RGB.a(GREEN.o)
 .debug_ranges  0x000000d8       0x38 .\CortexM0\ARM_GCC_541\Debug\Buton_RGB.a(RED.o)
 .debug_ranges  0x00000110       0x38 .\CortexM0\ARM_GCC_541\Debug\Buton_RGB.a(buton.o)
 .debug_ranges  0x00000148      0x170 .\CortexM0\ARM_GCC_541\Debug\Buton_RGB.a(CyLib.o)
 .debug_ranges  0x000002b8      0x128 .\CortexM0\ARM_GCC_541\Debug\Buton_RGB.a(CyLFClk.o)

.comment        0x00000000       0x6e
 .comment       0x00000000       0x6e .\CortexM0\ARM_GCC_541\Debug\main.o
                                 0x6f (size before relaxing)
 .comment       0x0000006e       0x6f .\CortexM0\ARM_GCC_541\Debug\cyfitter_cfg.o
 .comment       0x0000006e       0x6f .\CortexM0\ARM_GCC_541\Debug\cymetadata.o
 .comment       0x0000006e       0x6f .\CortexM0\ARM_GCC_541\Debug\Cm0Start.o
 .comment       0x0000006e       0x6f .\CortexM0\ARM_GCC_541\Debug\Buton_RGB.a(BLUE.o)
 .comment       0x0000006e       0x6f .\CortexM0\ARM_GCC_541\Debug\Buton_RGB.a(GREEN.o)
 .comment       0x0000006e       0x6f .\CortexM0\ARM_GCC_541\Debug\Buton_RGB.a(RED.o)
 .comment       0x0000006e       0x6f .\CortexM0\ARM_GCC_541\Debug\Buton_RGB.a(buton.o)
 .comment       0x0000006e       0x6f .\CortexM0\ARM_GCC_541\Debug\Buton_RGB.a(CyLib.o)
 .comment       0x0000006e       0x6f .\CortexM0\ARM_GCC_541\Debug\Buton_RGB.a(CyLFClk.o)

.debug_weaknames
 *(.debug_weaknames)

.debug_funcnames
 *(.debug_funcnames)

.debug_typenames
 *(.debug_typenames)

.debug_varnames
 *(.debug_varnames)

.note.gnu.arm.ident
 *(.note.gnu.arm.ident)

.ARM.attributes
                0x00000000       0x28
 *(.ARM.attributes)
 .ARM.attributes
                0x00000000       0x1e c:/program files (x86)/cypress/psoc creator/4.4/psoc creator/import/gnu/arm/5.4.1/bin/../lib/gcc/arm-none-eabi/5.4.1/armv6-m/crti.o
 .ARM.attributes
                0x0000001e       0x2c c:/program files (x86)/cypress/psoc creator/4.4/psoc creator/import/gnu/arm/5.4.1/bin/../lib/gcc/arm-none-eabi/5.4.1/armv6-m/crtbegin.o
 .ARM.attributes
                0x0000004a       0x1b c:/program files (x86)/cypress/psoc creator/4.4/psoc creator/import/gnu/arm/5.4.1/bin/../lib/gcc/arm-none-eabi/5.4.1/../../../../arm-none-eabi/lib/armv6-m/crt0.o
 .ARM.attributes
                0x00000065       0x31 .\CortexM0\ARM_GCC_541\Debug\main.o
 .ARM.attributes
                0x00000096       0x31 .\CortexM0\ARM_GCC_541\Debug\cyfitter_cfg.o
 .ARM.attributes
                0x000000c7       0x31 .\CortexM0\ARM_GCC_541\Debug\cymetadata.o
 .ARM.attributes
                0x000000f8       0x31 .\CortexM0\ARM_GCC_541\Debug\Cm0Start.o
 .ARM.attributes
                0x00000129       0x31 .\CortexM0\ARM_GCC_541\Debug\Buton_RGB.a(BLUE.o)
 .ARM.attributes
                0x0000015a       0x31 .\CortexM0\ARM_GCC_541\Debug\Buton_RGB.a(GREEN.o)
 .ARM.attributes
                0x0000018b       0x31 .\CortexM0\ARM_GCC_541\Debug\Buton_RGB.a(RED.o)
 .ARM.attributes
                0x000001bc       0x31 .\CortexM0\ARM_GCC_541\Debug\Buton_RGB.a(buton.o)
 .ARM.attributes
                0x000001ed       0x31 .\CortexM0\ARM_GCC_541\Debug\Buton_RGB.a(CyLib.o)
 .ARM.attributes
                0x0000021e       0x31 .\CortexM0\ARM_GCC_541\Debug\Buton_RGB.a(CyLFClk.o)
 .ARM.attributes
                0x0000024f       0x21 .\CortexM0\ARM_GCC_541\Debug\Buton_RGB.a(CyBootAsmGnu.o)
 .ARM.attributes
                0x00000270       0x1e c:/program files (x86)/cypress/psoc creator/4.4/psoc creator/import/gnu/arm/5.4.1/bin/../lib/gcc/arm-none-eabi/5.4.1/armv6-m\libgcc.a(_udivsi3.o)
 .ARM.attributes
                0x0000028e       0x1e c:/program files (x86)/cypress/psoc creator/4.4/psoc creator/import/gnu/arm/5.4.1/bin/../lib/gcc/arm-none-eabi/5.4.1/armv6-m\libgcc.a(_dvmd_tls.o)
 .ARM.attributes
                0x000002ac       0x2c c:/program files (x86)/cypress/psoc creator/4.4/psoc creator/import/gnu/arm/5.4.1/bin/../lib/gcc/arm-none-eabi/5.4.1/../../../../arm-none-eabi/lib/armv6-m\libg_nano.a(lib_a-errno.o)
 .ARM.attributes
                0x000002d8       0x2c c:/program files (x86)/cypress/psoc creator/4.4/psoc creator/import/gnu/arm/5.4.1/bin/../lib/gcc/arm-none-eabi/5.4.1/../../../../arm-none-eabi/lib/armv6-m\libg_nano.a(lib_a-exit.o)
 .ARM.attributes
                0x00000304       0x2c c:/program files (x86)/cypress/psoc creator/4.4/psoc creator/import/gnu/arm/5.4.1/bin/../lib/gcc/arm-none-eabi/5.4.1/../../../../arm-none-eabi/lib/armv6-m\libg_nano.a(lib_a-impure.o)
 .ARM.attributes
                0x00000330       0x2c c:/program files (x86)/cypress/psoc creator/4.4/psoc creator/import/gnu/arm/5.4.1/bin/../lib/gcc/arm-none-eabi/5.4.1/../../../../arm-none-eabi/lib/armv6-m\libg_nano.a(lib_a-init.o)
 .ARM.attributes
                0x0000035c       0x2c c:/program files (x86)/cypress/psoc creator/4.4/psoc creator/import/gnu/arm/5.4.1/bin/../lib/gcc/arm-none-eabi/5.4.1/../../../../arm-none-eabi/lib/armv6-m\libg_nano.a(lib_a-memset.o)
 .ARM.attributes
                0x00000388       0x2c c:/program files (x86)/cypress/psoc creator/4.4/psoc creator/import/gnu/arm/5.4.1/bin/../lib/gcc/arm-none-eabi/5.4.1/armv6-m/crtend.o
 .ARM.attributes
                0x000003b4       0x1e c:/program files (x86)/cypress/psoc creator/4.4/psoc creator/import/gnu/arm/5.4.1/bin/../lib/gcc/arm-none-eabi/5.4.1/armv6-m/crtn.o

/DISCARD/
 *(.note.GNU-stack)
OUTPUT(C:\Users\user\Documents\PSoC Creator\LAB1x\Buton_RGB.cydsn\CortexM0\ARM_GCC_541\Debug\Buton_RGB.elf elf32-littlearm)
