ARM GAS  C:\Users\user\AppData\Local\Temp\ccadiunH.s 			page 1


   1              		.syntax unified
   2              		.cpu cortex-m0
   3              		.fpu softvfp
   4              		.eabi_attribute 20, 1
   5              		.eabi_attribute 21, 1
   6              		.eabi_attribute 23, 3
   7              		.eabi_attribute 24, 1
   8              		.eabi_attribute 25, 1
   9              		.eabi_attribute 26, 1
  10              		.eabi_attribute 30, 1
  11              		.eabi_attribute 34, 0
  12              		.eabi_attribute 18, 4
  13              		.thumb
  14              		.syntax unified
  15              		.file	"cyfitter_cfg.c"
  16              		.text
  17              	.Ltext0:
  18              		.cfi_sections	.debug_frame
  19              		.section	.text.CYMEMZERO,"ax",%progbits
  20              		.align	2
  21              		.code	16
  22              		.thumb_func
  23              		.type	CYMEMZERO, %function
  24              	CYMEMZERO:
  25              	.LFB0:
  26              		.file 1 "Generated_Source\\PSoC4\\cyfitter_cfg.c"
   1:Generated_Source\PSoC4/cyfitter_cfg.c **** 
   2:Generated_Source\PSoC4/cyfitter_cfg.c **** /*******************************************************************************
   3:Generated_Source\PSoC4/cyfitter_cfg.c **** * File Name: cyfitter_cfg.c
   4:Generated_Source\PSoC4/cyfitter_cfg.c **** * 
   5:Generated_Source\PSoC4/cyfitter_cfg.c **** * PSoC Creator  4.4
   6:Generated_Source\PSoC4/cyfitter_cfg.c **** *
   7:Generated_Source\PSoC4/cyfitter_cfg.c **** * Description:
   8:Generated_Source\PSoC4/cyfitter_cfg.c **** * This file contains device initialization code.
   9:Generated_Source\PSoC4/cyfitter_cfg.c **** * Except for the user defined sections in CyClockStartupError(), this file should not be modified.
  10:Generated_Source\PSoC4/cyfitter_cfg.c **** * This file is automatically generated by PSoC Creator.
  11:Generated_Source\PSoC4/cyfitter_cfg.c **** *
  12:Generated_Source\PSoC4/cyfitter_cfg.c **** ********************************************************************************
  13:Generated_Source\PSoC4/cyfitter_cfg.c **** * Copyright (c) 2007-2020 Cypress Semiconductor.  All rights reserved.
  14:Generated_Source\PSoC4/cyfitter_cfg.c **** * You may use this file only in accordance with the license, terms, conditions, 
  15:Generated_Source\PSoC4/cyfitter_cfg.c **** * disclaimers, and limitations in the end user license agreement accompanying 
  16:Generated_Source\PSoC4/cyfitter_cfg.c **** * the software package with which this file was provided.
  17:Generated_Source\PSoC4/cyfitter_cfg.c **** ********************************************************************************/
  18:Generated_Source\PSoC4/cyfitter_cfg.c **** 
  19:Generated_Source\PSoC4/cyfitter_cfg.c **** #include <string.h>
  20:Generated_Source\PSoC4/cyfitter_cfg.c **** #include "cytypes.h"
  21:Generated_Source\PSoC4/cyfitter_cfg.c **** #include "cydevice_trm.h"
  22:Generated_Source\PSoC4/cyfitter_cfg.c **** #include "cyfitter.h"
  23:Generated_Source\PSoC4/cyfitter_cfg.c **** #include "CyLib.h"
  24:Generated_Source\PSoC4/cyfitter_cfg.c **** #include "CyLFClk.h"
  25:Generated_Source\PSoC4/cyfitter_cfg.c **** #include "cyfitter_cfg.h"
  26:Generated_Source\PSoC4/cyfitter_cfg.c **** #include "cyapicallbacks.h"
  27:Generated_Source\PSoC4/cyfitter_cfg.c **** 
  28:Generated_Source\PSoC4/cyfitter_cfg.c **** 
  29:Generated_Source\PSoC4/cyfitter_cfg.c **** #if defined(__GNUC__) || defined(__ARMCC_VERSION)
  30:Generated_Source\PSoC4/cyfitter_cfg.c ****     #define CYPACKED 
  31:Generated_Source\PSoC4/cyfitter_cfg.c ****     #define CYPACKED_ATTR __attribute__ ((packed))
ARM GAS  C:\Users\user\AppData\Local\Temp\ccadiunH.s 			page 2


  32:Generated_Source\PSoC4/cyfitter_cfg.c ****     #define CYALIGNED __attribute__ ((aligned))
  33:Generated_Source\PSoC4/cyfitter_cfg.c ****     #define CY_CFG_UNUSED __attribute__ ((unused))
  34:Generated_Source\PSoC4/cyfitter_cfg.c ****     #ifndef CY_CFG_SECTION
  35:Generated_Source\PSoC4/cyfitter_cfg.c ****         #define CY_CFG_SECTION __attribute__ ((section(".psocinit")))
  36:Generated_Source\PSoC4/cyfitter_cfg.c ****     #endif
  37:Generated_Source\PSoC4/cyfitter_cfg.c ****     
  38:Generated_Source\PSoC4/cyfitter_cfg.c ****     #if defined(__ARMCC_VERSION)
  39:Generated_Source\PSoC4/cyfitter_cfg.c ****         #define CY_CFG_MEMORY_BARRIER() __memory_changed()
  40:Generated_Source\PSoC4/cyfitter_cfg.c ****     #else
  41:Generated_Source\PSoC4/cyfitter_cfg.c ****         #define CY_CFG_MEMORY_BARRIER() __sync_synchronize()
  42:Generated_Source\PSoC4/cyfitter_cfg.c ****     #endif
  43:Generated_Source\PSoC4/cyfitter_cfg.c ****     
  44:Generated_Source\PSoC4/cyfitter_cfg.c **** #elif defined(__ICCARM__)
  45:Generated_Source\PSoC4/cyfitter_cfg.c ****     #include <intrinsics.h>
  46:Generated_Source\PSoC4/cyfitter_cfg.c **** 
  47:Generated_Source\PSoC4/cyfitter_cfg.c ****     #define CYPACKED __packed
  48:Generated_Source\PSoC4/cyfitter_cfg.c ****     #define CYPACKED_ATTR 
  49:Generated_Source\PSoC4/cyfitter_cfg.c ****     #define CYALIGNED _Pragma("data_alignment=4")
  50:Generated_Source\PSoC4/cyfitter_cfg.c ****     #define CY_CFG_UNUSED _Pragma("diag_suppress=Pe177")
  51:Generated_Source\PSoC4/cyfitter_cfg.c ****     #define CY_CFG_SECTION _Pragma("location=\".psocinit\"")
  52:Generated_Source\PSoC4/cyfitter_cfg.c ****     
  53:Generated_Source\PSoC4/cyfitter_cfg.c ****     #define CY_CFG_MEMORY_BARRIER() __DMB()
  54:Generated_Source\PSoC4/cyfitter_cfg.c ****     
  55:Generated_Source\PSoC4/cyfitter_cfg.c **** #else
  56:Generated_Source\PSoC4/cyfitter_cfg.c ****     #error Unsupported toolchain
  57:Generated_Source\PSoC4/cyfitter_cfg.c **** #endif
  58:Generated_Source\PSoC4/cyfitter_cfg.c **** 
  59:Generated_Source\PSoC4/cyfitter_cfg.c **** #ifndef CYCODE
  60:Generated_Source\PSoC4/cyfitter_cfg.c ****     #define CYCODE
  61:Generated_Source\PSoC4/cyfitter_cfg.c **** #endif
  62:Generated_Source\PSoC4/cyfitter_cfg.c **** #ifndef CYDATA
  63:Generated_Source\PSoC4/cyfitter_cfg.c ****     #define CYDATA
  64:Generated_Source\PSoC4/cyfitter_cfg.c **** #endif
  65:Generated_Source\PSoC4/cyfitter_cfg.c **** #ifndef CYFAR
  66:Generated_Source\PSoC4/cyfitter_cfg.c ****     #define CYFAR
  67:Generated_Source\PSoC4/cyfitter_cfg.c **** #endif
  68:Generated_Source\PSoC4/cyfitter_cfg.c **** #ifndef CYXDATA
  69:Generated_Source\PSoC4/cyfitter_cfg.c ****     #define CYXDATA
  70:Generated_Source\PSoC4/cyfitter_cfg.c **** #endif
  71:Generated_Source\PSoC4/cyfitter_cfg.c **** 
  72:Generated_Source\PSoC4/cyfitter_cfg.c **** 
  73:Generated_Source\PSoC4/cyfitter_cfg.c **** CY_CFG_UNUSED
  74:Generated_Source\PSoC4/cyfitter_cfg.c **** static void CYMEMZERO(void *s, size_t n);
  75:Generated_Source\PSoC4/cyfitter_cfg.c **** CY_CFG_UNUSED
  76:Generated_Source\PSoC4/cyfitter_cfg.c **** static void CYMEMZERO(void *s, size_t n)
  77:Generated_Source\PSoC4/cyfitter_cfg.c **** {
  27              		.loc 1 77 0
  28              		.cfi_startproc
  29              		@ args = 0, pretend = 0, frame = 0
  30              		@ frame_needed = 0, uses_anonymous_args = 0
  31              	.LVL0:
  32 0000 10B5     		push	{r4, lr}
  33              		.cfi_def_cfa_offset 8
  34              		.cfi_offset 4, -8
  35              		.cfi_offset 14, -4
  36 0002 0A00     		movs	r2, r1
  78:Generated_Source\PSoC4/cyfitter_cfg.c **** 	(void)memset(s, 0, n);
ARM GAS  C:\Users\user\AppData\Local\Temp\ccadiunH.s 			page 3


  37              		.loc 1 78 0
  38 0004 0021     		movs	r1, #0
  39              	.LVL1:
  40 0006 FFF7FEFF 		bl	memset
  41              	.LVL2:
  79:Generated_Source\PSoC4/cyfitter_cfg.c **** }
  42              		.loc 1 79 0
  43              		@ sp needed
  44 000a 10BD     		pop	{r4, pc}
  45              		.cfi_endproc
  46              	.LFE0:
  47              		.size	CYMEMZERO, .-CYMEMZERO
  48              		.section	.psocinit,"ax",%progbits
  49              		.align	2
  50              		.code	16
  51              		.thumb_func
  52              		.type	ClockSetup, %function
  53              	ClockSetup:
  54              	.LFB3:
  80:Generated_Source\PSoC4/cyfitter_cfg.c **** CY_CFG_UNUSED
  81:Generated_Source\PSoC4/cyfitter_cfg.c **** static void CYCONFIGCPY(void *dest, const void *src, size_t n);
  82:Generated_Source\PSoC4/cyfitter_cfg.c **** CY_CFG_UNUSED
  83:Generated_Source\PSoC4/cyfitter_cfg.c **** static void CYCONFIGCPY(void *dest, const void *src, size_t n)
  84:Generated_Source\PSoC4/cyfitter_cfg.c **** {
  85:Generated_Source\PSoC4/cyfitter_cfg.c **** 	(void)memcpy(dest, src, n);
  86:Generated_Source\PSoC4/cyfitter_cfg.c **** }
  87:Generated_Source\PSoC4/cyfitter_cfg.c **** CY_CFG_UNUSED
  88:Generated_Source\PSoC4/cyfitter_cfg.c **** static void CYCONFIGCPYCODE(void *dest, const void *src, size_t n);
  89:Generated_Source\PSoC4/cyfitter_cfg.c **** CY_CFG_UNUSED
  90:Generated_Source\PSoC4/cyfitter_cfg.c **** static void CYCONFIGCPYCODE(void *dest, const void *src, size_t n)
  91:Generated_Source\PSoC4/cyfitter_cfg.c **** {
  92:Generated_Source\PSoC4/cyfitter_cfg.c **** 	(void)memcpy(dest, src, n);
  93:Generated_Source\PSoC4/cyfitter_cfg.c **** }
  94:Generated_Source\PSoC4/cyfitter_cfg.c **** 
  95:Generated_Source\PSoC4/cyfitter_cfg.c **** 
  96:Generated_Source\PSoC4/cyfitter_cfg.c **** 
  97:Generated_Source\PSoC4/cyfitter_cfg.c **** 
  98:Generated_Source\PSoC4/cyfitter_cfg.c **** /* Clock startup error codes                                                   */
  99:Generated_Source\PSoC4/cyfitter_cfg.c **** #define CYCLOCKSTART_NO_ERROR    0u
 100:Generated_Source\PSoC4/cyfitter_cfg.c **** #define CYCLOCKSTART_XTAL_ERROR  1u
 101:Generated_Source\PSoC4/cyfitter_cfg.c **** #define CYCLOCKSTART_32KHZ_ERROR 2u
 102:Generated_Source\PSoC4/cyfitter_cfg.c **** #define CYCLOCKSTART_PLL_ERROR   3u
 103:Generated_Source\PSoC4/cyfitter_cfg.c **** #define CYCLOCKSTART_FLL_ERROR   4u
 104:Generated_Source\PSoC4/cyfitter_cfg.c **** #define CYCLOCKSTART_WCO_ERROR   5u
 105:Generated_Source\PSoC4/cyfitter_cfg.c **** 
 106:Generated_Source\PSoC4/cyfitter_cfg.c **** 
 107:Generated_Source\PSoC4/cyfitter_cfg.c **** #ifdef CY_NEED_CYCLOCKSTARTUPERROR
 108:Generated_Source\PSoC4/cyfitter_cfg.c **** /*******************************************************************************
 109:Generated_Source\PSoC4/cyfitter_cfg.c **** * Function Name: CyClockStartupError
 110:Generated_Source\PSoC4/cyfitter_cfg.c **** ********************************************************************************
 111:Generated_Source\PSoC4/cyfitter_cfg.c **** * Summary:
 112:Generated_Source\PSoC4/cyfitter_cfg.c **** *  If an error is encountered during clock configuration (crystal startup error,
 113:Generated_Source\PSoC4/cyfitter_cfg.c **** *  PLL lock error, etc.), the system will end up here.  Unless reimplemented by
 114:Generated_Source\PSoC4/cyfitter_cfg.c **** *  the customer, this function will stop in an infinite loop.
 115:Generated_Source\PSoC4/cyfitter_cfg.c **** *
 116:Generated_Source\PSoC4/cyfitter_cfg.c **** * Parameters:
 117:Generated_Source\PSoC4/cyfitter_cfg.c **** *   void
ARM GAS  C:\Users\user\AppData\Local\Temp\ccadiunH.s 			page 4


 118:Generated_Source\PSoC4/cyfitter_cfg.c **** *
 119:Generated_Source\PSoC4/cyfitter_cfg.c **** * Return:
 120:Generated_Source\PSoC4/cyfitter_cfg.c **** *   void
 121:Generated_Source\PSoC4/cyfitter_cfg.c **** *
 122:Generated_Source\PSoC4/cyfitter_cfg.c **** *******************************************************************************/
 123:Generated_Source\PSoC4/cyfitter_cfg.c **** CY_CFG_UNUSED
 124:Generated_Source\PSoC4/cyfitter_cfg.c **** static void CyClockStartupError(uint8 errorCode);
 125:Generated_Source\PSoC4/cyfitter_cfg.c **** CY_CFG_UNUSED
 126:Generated_Source\PSoC4/cyfitter_cfg.c **** static void CyClockStartupError(uint8 errorCode)
 127:Generated_Source\PSoC4/cyfitter_cfg.c **** {
 128:Generated_Source\PSoC4/cyfitter_cfg.c ****     /* To remove the compiler warning if errorCode not used.                */
 129:Generated_Source\PSoC4/cyfitter_cfg.c ****     errorCode = errorCode;
 130:Generated_Source\PSoC4/cyfitter_cfg.c **** 
 131:Generated_Source\PSoC4/cyfitter_cfg.c ****     /* If we have a clock startup error (bad MHz crystal, PLL lock, etc.),  */
 132:Generated_Source\PSoC4/cyfitter_cfg.c ****     /* we will end up here to allow the customer to implement something to  */
 133:Generated_Source\PSoC4/cyfitter_cfg.c ****     /* deal with the clock condition.                                       */
 134:Generated_Source\PSoC4/cyfitter_cfg.c **** 
 135:Generated_Source\PSoC4/cyfitter_cfg.c **** #ifdef CY_CFG_CLOCK_STARTUP_ERROR_CALLBACK
 136:Generated_Source\PSoC4/cyfitter_cfg.c ****     CY_CFG_Clock_Startup_ErrorCallback();
 137:Generated_Source\PSoC4/cyfitter_cfg.c **** #else
 138:Generated_Source\PSoC4/cyfitter_cfg.c ****     /*  If not using CY_CFG_CLOCK_STARTUP_ERROR_CALLBACK, place your clock startup code here. */
 139:Generated_Source\PSoC4/cyfitter_cfg.c ****     /* `#START CyClockStartupError` */
 140:Generated_Source\PSoC4/cyfitter_cfg.c **** 
 141:Generated_Source\PSoC4/cyfitter_cfg.c **** 
 142:Generated_Source\PSoC4/cyfitter_cfg.c **** 
 143:Generated_Source\PSoC4/cyfitter_cfg.c ****     /* `#END` */
 144:Generated_Source\PSoC4/cyfitter_cfg.c **** 
 145:Generated_Source\PSoC4/cyfitter_cfg.c ****     while(1) {}
 146:Generated_Source\PSoC4/cyfitter_cfg.c **** #endif /* CY_CFG_CLOCK_STARTUP_ERROR_CALLBACK */
 147:Generated_Source\PSoC4/cyfitter_cfg.c **** }
 148:Generated_Source\PSoC4/cyfitter_cfg.c **** #endif
 149:Generated_Source\PSoC4/cyfitter_cfg.c **** 
 150:Generated_Source\PSoC4/cyfitter_cfg.c **** 
 151:Generated_Source\PSoC4/cyfitter_cfg.c **** 
 152:Generated_Source\PSoC4/cyfitter_cfg.c **** /*******************************************************************************
 153:Generated_Source\PSoC4/cyfitter_cfg.c **** * Function Name: ClockSetup
 154:Generated_Source\PSoC4/cyfitter_cfg.c **** ********************************************************************************
 155:Generated_Source\PSoC4/cyfitter_cfg.c **** *
 156:Generated_Source\PSoC4/cyfitter_cfg.c **** * Summary:
 157:Generated_Source\PSoC4/cyfitter_cfg.c **** *   Performs the initialization of all of the clocks in the device based on the
 158:Generated_Source\PSoC4/cyfitter_cfg.c **** *   settings in the Clock tab of the DWR.  This includes enabling the requested
 159:Generated_Source\PSoC4/cyfitter_cfg.c **** *   clocks and setting the necessary dividers to produce the desired frequency. 
 160:Generated_Source\PSoC4/cyfitter_cfg.c **** *
 161:Generated_Source\PSoC4/cyfitter_cfg.c **** * Parameters:
 162:Generated_Source\PSoC4/cyfitter_cfg.c **** *   void
 163:Generated_Source\PSoC4/cyfitter_cfg.c **** *
 164:Generated_Source\PSoC4/cyfitter_cfg.c **** * Return:
 165:Generated_Source\PSoC4/cyfitter_cfg.c **** *   void
 166:Generated_Source\PSoC4/cyfitter_cfg.c **** *
 167:Generated_Source\PSoC4/cyfitter_cfg.c **** *******************************************************************************/
 168:Generated_Source\PSoC4/cyfitter_cfg.c **** static void ClockSetup(void);
 169:Generated_Source\PSoC4/cyfitter_cfg.c **** CY_CFG_SECTION
 170:Generated_Source\PSoC4/cyfitter_cfg.c **** static void ClockSetup(void)
 171:Generated_Source\PSoC4/cyfitter_cfg.c **** {
  55              		.loc 1 171 0
  56              		.cfi_startproc
  57              		@ args = 0, pretend = 0, frame = 0
ARM GAS  C:\Users\user\AppData\Local\Temp\ccadiunH.s 			page 5


  58              		@ frame_needed = 0, uses_anonymous_args = 0
  59 0000 70B5     		push	{r4, r5, r6, lr}
  60              		.cfi_def_cfa_offset 16
  61              		.cfi_offset 4, -16
  62              		.cfi_offset 5, -12
  63              		.cfi_offset 6, -8
  64              		.cfi_offset 14, -4
 172:Generated_Source\PSoC4/cyfitter_cfg.c **** 	/* Enable HALF_EN before trimming for the flash accelerator. */
 173:Generated_Source\PSoC4/cyfitter_cfg.c **** 	CY_SET_REG32((void CYXDATA *)(CYREG_CLK_SELECT), (CY_GET_REG32((void *)CYREG_CLK_SELECT) | 0x00040
  65              		.loc 1 173 0
  66 0002 134C     		ldr	r4, .L3
  67 0004 2368     		ldr	r3, [r4]
  68 0006 8022     		movs	r2, #128
  69 0008 D202     		lsls	r2, r2, #11
  70 000a 1343     		orrs	r3, r2
  71 000c 2360     		str	r3, [r4]
 174:Generated_Source\PSoC4/cyfitter_cfg.c **** 
 175:Generated_Source\PSoC4/cyfitter_cfg.c **** 	/* Setup and trim IMO based on desired frequency. */
 176:Generated_Source\PSoC4/cyfitter_cfg.c **** 	CySysClkWriteImoFreq(24u);
  72              		.loc 1 176 0
  73 000e 1820     		movs	r0, #24
  74 0010 FFF7FEFF 		bl	CySysClkWriteImoFreq
  75              	.LVL3:
 177:Generated_Source\PSoC4/cyfitter_cfg.c **** 
 178:Generated_Source\PSoC4/cyfitter_cfg.c **** 	/* Disable HALF_EN since it is not required at this IMO frequency. */
 179:Generated_Source\PSoC4/cyfitter_cfg.c **** 	CY_SET_REG32((void CYXDATA *)(CYREG_CLK_SELECT), (CY_GET_REG32((void *)CYREG_CLK_SELECT) & 0xFFFBF
  76              		.loc 1 179 0
  77 0014 2268     		ldr	r2, [r4]
  78 0016 0F4B     		ldr	r3, .L3+4
  79 0018 1340     		ands	r3, r2
  80 001a 2360     		str	r3, [r4]
 180:Generated_Source\PSoC4/cyfitter_cfg.c **** 	/* CYDEV_CLK_ILO_CONFIG Starting address: CYDEV_CLK_ILO_CONFIG */
 181:Generated_Source\PSoC4/cyfitter_cfg.c **** 	CY_SET_REG32((void *)(CYREG_CLK_ILO_CONFIG), 0x80000006u);
  81              		.loc 1 181 0
  82 001c 0E4A     		ldr	r2, .L3+8
  83 001e 0F4B     		ldr	r3, .L3+12
  84 0020 1A60     		str	r2, [r3]
 182:Generated_Source\PSoC4/cyfitter_cfg.c **** 
 183:Generated_Source\PSoC4/cyfitter_cfg.c **** 
 184:Generated_Source\PSoC4/cyfitter_cfg.c **** 	/* CYDEV_CLK_SELECT00 Starting address: CYDEV_CLK_SELECT00 */
 185:Generated_Source\PSoC4/cyfitter_cfg.c **** 	CY_SET_REG32((void *)(CYREG_CLK_SELECT07), 0x00000010u);
  85              		.loc 1 185 0
  86 0022 1022     		movs	r2, #16
  87 0024 0E4B     		ldr	r3, .L3+16
  88 0026 1A60     		str	r2, [r3]
 186:Generated_Source\PSoC4/cyfitter_cfg.c **** 
 187:Generated_Source\PSoC4/cyfitter_cfg.c **** 	/* CYDEV_CLK_IMO_CONFIG Starting address: CYDEV_CLK_IMO_CONFIG */
 188:Generated_Source\PSoC4/cyfitter_cfg.c **** 	CY_SET_REG32((void *)(CYREG_CLK_IMO_CONFIG), 0x82000000u);
  89              		.loc 1 188 0
  90 0028 8222     		movs	r2, #130
  91 002a 1206     		lsls	r2, r2, #24
  92 002c 0D4B     		ldr	r3, .L3+20
  93 002e 1A60     		str	r2, [r3]
 189:Generated_Source\PSoC4/cyfitter_cfg.c **** 
 190:Generated_Source\PSoC4/cyfitter_cfg.c **** 	/* CYDEV_CLK_SELECT Starting address: CYDEV_CLK_SELECT */
 191:Generated_Source\PSoC4/cyfitter_cfg.c **** 	CY_SET_REG32((void *)(CYREG_CLK_SELECT), 0x00000000u);
  94              		.loc 1 191 0
ARM GAS  C:\Users\user\AppData\Local\Temp\ccadiunH.s 			page 6


  95 0030 0025     		movs	r5, #0
  96 0032 2560     		str	r5, [r4]
 192:Generated_Source\PSoC4/cyfitter_cfg.c **** 
 193:Generated_Source\PSoC4/cyfitter_cfg.c **** 	/* CYDEV_CLK_DIVIDER_A00 Starting address: CYDEV_CLK_DIVIDER_A00 */
 194:Generated_Source\PSoC4/cyfitter_cfg.c **** 	CY_SET_REG32((void *)(CYREG_CLK_DIVIDER_A00), 0x8000000Eu);
  97              		.loc 1 194 0
  98 0034 0C4A     		ldr	r2, .L3+24
  99 0036 0D4B     		ldr	r3, .L3+28
 100 0038 1A60     		str	r2, [r3]
 195:Generated_Source\PSoC4/cyfitter_cfg.c **** 
 196:Generated_Source\PSoC4/cyfitter_cfg.c **** 	(void)CyIntSetVector(9u, &CySysWdtIsr);
 101              		.loc 1 196 0
 102 003a 0D49     		ldr	r1, .L3+32
 103 003c 0920     		movs	r0, #9
 104 003e FFF7FEFF 		bl	CyIntSetVector
 105              	.LVL4:
 197:Generated_Source\PSoC4/cyfitter_cfg.c **** 	CyIntEnable(9u);
 106              		.loc 1 197 0
 107 0042 0920     		movs	r0, #9
 108 0044 FFF7FEFF 		bl	CyIntEnable
 109              	.LVL5:
 198:Generated_Source\PSoC4/cyfitter_cfg.c **** 	CY_SET_REG32((void *)(CYREG_WDT_CONFIG), 0x00000000u);
 110              		.loc 1 198 0
 111 0048 0A4B     		ldr	r3, .L3+36
 112 004a 1D60     		str	r5, [r3]
 199:Generated_Source\PSoC4/cyfitter_cfg.c **** }
 113              		.loc 1 199 0
 114              		@ sp needed
 115 004c 70BD     		pop	{r4, r5, r6, pc}
 116              	.L4:
 117 004e C046     		.align	2
 118              	.L3:
 119 0050 00010B40 		.word	1074462976
 120 0054 FFFFFBFF 		.word	-262145
 121 0058 06000080 		.word	-2147483642
 122 005c 04010B40 		.word	1074462980
 123 0060 1C020240 		.word	1073873436
 124 0064 08010B40 		.word	1074462984
 125 0068 0E000080 		.word	-2147483634
 126 006c 00000240 		.word	1073872896
 127 0070 00000000 		.word	CySysWdtIsr
 128 0074 0C020B40 		.word	1074463244
 129              		.cfi_endproc
 130              	.LFE3:
 131              		.size	ClockSetup, .-ClockSetup
 132              		.section	.text.SetAnalogRoutingPumps,"ax",%progbits
 133              		.align	2
 134              		.global	SetAnalogRoutingPumps
 135              		.code	16
 136              		.thumb_func
 137              		.type	SetAnalogRoutingPumps, %function
 138              	SetAnalogRoutingPumps:
 139              	.LFB5:
 200:Generated_Source\PSoC4/cyfitter_cfg.c **** 
 201:Generated_Source\PSoC4/cyfitter_cfg.c **** 
 202:Generated_Source\PSoC4/cyfitter_cfg.c **** /* Analog API Functions */
 203:Generated_Source\PSoC4/cyfitter_cfg.c **** 
ARM GAS  C:\Users\user\AppData\Local\Temp\ccadiunH.s 			page 7


 204:Generated_Source\PSoC4/cyfitter_cfg.c **** 
 205:Generated_Source\PSoC4/cyfitter_cfg.c **** /*******************************************************************************
 206:Generated_Source\PSoC4/cyfitter_cfg.c **** * Function Name: AnalogSetDefault
 207:Generated_Source\PSoC4/cyfitter_cfg.c **** ********************************************************************************
 208:Generated_Source\PSoC4/cyfitter_cfg.c **** *
 209:Generated_Source\PSoC4/cyfitter_cfg.c **** * Summary:
 210:Generated_Source\PSoC4/cyfitter_cfg.c **** *  Sets up the analog portions of the chip to default values based on chip
 211:Generated_Source\PSoC4/cyfitter_cfg.c **** *  configuration options from the project.
 212:Generated_Source\PSoC4/cyfitter_cfg.c **** *
 213:Generated_Source\PSoC4/cyfitter_cfg.c **** * Parameters:
 214:Generated_Source\PSoC4/cyfitter_cfg.c **** *  void
 215:Generated_Source\PSoC4/cyfitter_cfg.c **** *
 216:Generated_Source\PSoC4/cyfitter_cfg.c **** * Return:
 217:Generated_Source\PSoC4/cyfitter_cfg.c **** *  void
 218:Generated_Source\PSoC4/cyfitter_cfg.c **** *
 219:Generated_Source\PSoC4/cyfitter_cfg.c **** *******************************************************************************/
 220:Generated_Source\PSoC4/cyfitter_cfg.c **** static void AnalogSetDefault(void);
 221:Generated_Source\PSoC4/cyfitter_cfg.c **** static void AnalogSetDefault(void)
 222:Generated_Source\PSoC4/cyfitter_cfg.c **** {
 223:Generated_Source\PSoC4/cyfitter_cfg.c **** 	CY_SET_XTND_REG32((void CYFAR *)CYREG_SAR_MUX_SWITCH0, 0x00000001u);
 224:Generated_Source\PSoC4/cyfitter_cfg.c **** 	SetAnalogRoutingPumps(1);
 225:Generated_Source\PSoC4/cyfitter_cfg.c **** }
 226:Generated_Source\PSoC4/cyfitter_cfg.c **** 
 227:Generated_Source\PSoC4/cyfitter_cfg.c **** 
 228:Generated_Source\PSoC4/cyfitter_cfg.c **** /*******************************************************************************
 229:Generated_Source\PSoC4/cyfitter_cfg.c **** * Function Name: SetAnalogRoutingPumps
 230:Generated_Source\PSoC4/cyfitter_cfg.c **** ********************************************************************************
 231:Generated_Source\PSoC4/cyfitter_cfg.c **** *
 232:Generated_Source\PSoC4/cyfitter_cfg.c **** * Summary:
 233:Generated_Source\PSoC4/cyfitter_cfg.c **** * Enables or disables the analog pumps feeding analog routing switches.
 234:Generated_Source\PSoC4/cyfitter_cfg.c **** * Intended to be called at startup, based on the Vdda system configuration;
 235:Generated_Source\PSoC4/cyfitter_cfg.c **** * may be called during operation when the user informs us that the Vdda voltage crossed the pump th
 236:Generated_Source\PSoC4/cyfitter_cfg.c **** *
 237:Generated_Source\PSoC4/cyfitter_cfg.c **** * Parameters:
 238:Generated_Source\PSoC4/cyfitter_cfg.c **** *  enabled - 1 to enable the pumps, 0 to disable the pumps
 239:Generated_Source\PSoC4/cyfitter_cfg.c **** *
 240:Generated_Source\PSoC4/cyfitter_cfg.c **** * Return:
 241:Generated_Source\PSoC4/cyfitter_cfg.c **** *  void
 242:Generated_Source\PSoC4/cyfitter_cfg.c **** *
 243:Generated_Source\PSoC4/cyfitter_cfg.c **** *******************************************************************************/
 244:Generated_Source\PSoC4/cyfitter_cfg.c **** void SetAnalogRoutingPumps(uint8 enabled)
 245:Generated_Source\PSoC4/cyfitter_cfg.c **** {
 140              		.loc 1 245 0
 141              		.cfi_startproc
 142              		@ args = 0, pretend = 0, frame = 0
 143              		@ frame_needed = 0, uses_anonymous_args = 0
 144              		@ link register save eliminated.
 145              	.LVL6:
 246:Generated_Source\PSoC4/cyfitter_cfg.c **** 	uint32 regValue = CY_GET_XTND_REG32((void *)(CYREG_SAR_PUMP_CTRL));
 146              		.loc 1 246 0
 147 0000 064B     		ldr	r3, .L8
 148 0002 1B68     		ldr	r3, [r3]
 149              	.LVL7:
 247:Generated_Source\PSoC4/cyfitter_cfg.c **** 	if (enabled != 0u)
 150              		.loc 1 247 0
 151 0004 0028     		cmp	r0, #0
 152 0006 03D0     		beq	.L6
ARM GAS  C:\Users\user\AppData\Local\Temp\ccadiunH.s 			page 8


 248:Generated_Source\PSoC4/cyfitter_cfg.c **** 	{
 249:Generated_Source\PSoC4/cyfitter_cfg.c **** 		regValue |= 0x80000000u;
 153              		.loc 1 249 0
 154 0008 8022     		movs	r2, #128
 155 000a 1206     		lsls	r2, r2, #24
 156 000c 1343     		orrs	r3, r2
 157              	.LVL8:
 158 000e 01E0     		b	.L7
 159              	.L6:
 250:Generated_Source\PSoC4/cyfitter_cfg.c **** 	}
 251:Generated_Source\PSoC4/cyfitter_cfg.c **** 	else
 252:Generated_Source\PSoC4/cyfitter_cfg.c **** 	{
 253:Generated_Source\PSoC4/cyfitter_cfg.c **** 		regValue &= ~0x80000000u;
 160              		.loc 1 253 0
 161 0010 5B00     		lsls	r3, r3, #1
 162              	.LVL9:
 163 0012 5B08     		lsrs	r3, r3, #1
 164              	.LVL10:
 165              	.L7:
 254:Generated_Source\PSoC4/cyfitter_cfg.c **** 	}
 255:Generated_Source\PSoC4/cyfitter_cfg.c **** 	CY_SET_XTND_REG32((void *)(CYREG_SAR_PUMP_CTRL), regValue);
 166              		.loc 1 255 0
 167 0014 014A     		ldr	r2, .L8
 168 0016 1360     		str	r3, [r2]
 256:Generated_Source\PSoC4/cyfitter_cfg.c **** }
 169              		.loc 1 256 0
 170              		@ sp needed
 171 0018 7047     		bx	lr
 172              	.L9:
 173 001a C046     		.align	2
 174              	.L8:
 175 001c 80031A40 		.word	1075446656
 176              		.cfi_endproc
 177              	.LFE5:
 178              		.size	SetAnalogRoutingPumps, .-SetAnalogRoutingPumps
 179              		.section	.text.AnalogSetDefault,"ax",%progbits
 180              		.align	2
 181              		.code	16
 182              		.thumb_func
 183              		.type	AnalogSetDefault, %function
 184              	AnalogSetDefault:
 185              	.LFB4:
 222:Generated_Source\PSoC4/cyfitter_cfg.c **** 	CY_SET_XTND_REG32((void CYFAR *)CYREG_SAR_MUX_SWITCH0, 0x00000001u);
 186              		.loc 1 222 0
 187              		.cfi_startproc
 188              		@ args = 0, pretend = 0, frame = 0
 189              		@ frame_needed = 0, uses_anonymous_args = 0
 190 0000 10B5     		push	{r4, lr}
 191              		.cfi_def_cfa_offset 8
 192              		.cfi_offset 4, -8
 193              		.cfi_offset 14, -4
 223:Generated_Source\PSoC4/cyfitter_cfg.c **** 	SetAnalogRoutingPumps(1);
 194              		.loc 1 223 0
 195 0002 0122     		movs	r2, #1
 196 0004 024B     		ldr	r3, .L11
 197 0006 1A60     		str	r2, [r3]
 224:Generated_Source\PSoC4/cyfitter_cfg.c **** }
ARM GAS  C:\Users\user\AppData\Local\Temp\ccadiunH.s 			page 9


 198              		.loc 1 224 0
 199 0008 0120     		movs	r0, #1
 200 000a FFF7FEFF 		bl	SetAnalogRoutingPumps
 201              	.LVL11:
 225:Generated_Source\PSoC4/cyfitter_cfg.c **** 
 202              		.loc 1 225 0
 203              		@ sp needed
 204 000e 10BD     		pop	{r4, pc}
 205              	.L12:
 206              		.align	2
 207              	.L11:
 208 0010 00031A40 		.word	1075446528
 209              		.cfi_endproc
 210              	.LFE4:
 211              		.size	AnalogSetDefault, .-AnalogSetDefault
 212              		.section	.psocinit
 213              		.align	2
 214              		.global	cyfitter_cfg
 215              		.code	16
 216              		.thumb_func
 217              		.type	cyfitter_cfg, %function
 218              	cyfitter_cfg:
 219              	.LFB6:
 257:Generated_Source\PSoC4/cyfitter_cfg.c **** 
 258:Generated_Source\PSoC4/cyfitter_cfg.c **** 
 259:Generated_Source\PSoC4/cyfitter_cfg.c **** 
 260:Generated_Source\PSoC4/cyfitter_cfg.c **** 
 261:Generated_Source\PSoC4/cyfitter_cfg.c **** /*******************************************************************************
 262:Generated_Source\PSoC4/cyfitter_cfg.c **** * Function Name: cyfitter_cfg
 263:Generated_Source\PSoC4/cyfitter_cfg.c **** ********************************************************************************
 264:Generated_Source\PSoC4/cyfitter_cfg.c **** * Summary:
 265:Generated_Source\PSoC4/cyfitter_cfg.c **** *  This function is called by the start-up code for the selected device. It
 266:Generated_Source\PSoC4/cyfitter_cfg.c **** *  performs all of the necessary device configuration based on the design
 267:Generated_Source\PSoC4/cyfitter_cfg.c **** *  settings.  This includes settings from the Design Wide Resources (DWR) such
 268:Generated_Source\PSoC4/cyfitter_cfg.c **** *  as Clocks and Pins as well as any component configuration that is necessary.
 269:Generated_Source\PSoC4/cyfitter_cfg.c **** *
 270:Generated_Source\PSoC4/cyfitter_cfg.c **** * Parameters:
 271:Generated_Source\PSoC4/cyfitter_cfg.c **** *   void
 272:Generated_Source\PSoC4/cyfitter_cfg.c **** *
 273:Generated_Source\PSoC4/cyfitter_cfg.c **** * Return:
 274:Generated_Source\PSoC4/cyfitter_cfg.c **** *   void
 275:Generated_Source\PSoC4/cyfitter_cfg.c **** *
 276:Generated_Source\PSoC4/cyfitter_cfg.c **** *******************************************************************************/
 277:Generated_Source\PSoC4/cyfitter_cfg.c **** CY_CFG_SECTION
 278:Generated_Source\PSoC4/cyfitter_cfg.c **** void cyfitter_cfg(void)
 279:Generated_Source\PSoC4/cyfitter_cfg.c **** {
 220              		.loc 1 279 0
 221              		.cfi_startproc
 222              		@ args = 0, pretend = 0, frame = 0
 223              		@ frame_needed = 0, uses_anonymous_args = 0
 224 0078 10B5     		push	{r4, lr}
 225              		.cfi_def_cfa_offset 8
 226              		.cfi_offset 4, -8
 227              		.cfi_offset 14, -4
 280:Generated_Source\PSoC4/cyfitter_cfg.c **** 	/* Disable interrupts by default. Let user enable if/when they want. */
 281:Generated_Source\PSoC4/cyfitter_cfg.c **** 	CyGlobalIntDisable;
 228              		.loc 1 281 0
ARM GAS  C:\Users\user\AppData\Local\Temp\ccadiunH.s 			page 10


 229              		.syntax divided
 230              	@ 281 "Generated_Source\PSoC4\cyfitter_cfg.c" 1
 231 007a 72B6     		CPSID   i
 232              	@ 0 "" 2
 233              	.LVL12:
 234              		.thumb
 235              		.syntax unified
 236              	.LBB2:
 282:Generated_Source\PSoC4/cyfitter_cfg.c **** 
 283:Generated_Source\PSoC4/cyfitter_cfg.c **** 	{
 284:Generated_Source\PSoC4/cyfitter_cfg.c **** 
 285:Generated_Source\PSoC4/cyfitter_cfg.c **** 		CYPACKED typedef struct {
 286:Generated_Source\PSoC4/cyfitter_cfg.c **** 			void CYFAR *address;
 287:Generated_Source\PSoC4/cyfitter_cfg.c **** 			uint16 size;
 288:Generated_Source\PSoC4/cyfitter_cfg.c **** 		} CYPACKED_ATTR cfg_memset_t;
 289:Generated_Source\PSoC4/cyfitter_cfg.c **** 
 290:Generated_Source\PSoC4/cyfitter_cfg.c **** 		static const cfg_memset_t CYCODE cfg_memset_list[] = {
 291:Generated_Source\PSoC4/cyfitter_cfg.c **** 			/* address, size */
 292:Generated_Source\PSoC4/cyfitter_cfg.c **** 			{(void CYFAR *)(CYDEV_UDB_P0_U0_BASE), 1024u},
 293:Generated_Source\PSoC4/cyfitter_cfg.c **** 			{(void CYFAR *)(CYDEV_UDB_DSI0_BASE), 1024u},
 294:Generated_Source\PSoC4/cyfitter_cfg.c **** 		};
 295:Generated_Source\PSoC4/cyfitter_cfg.c **** 
 296:Generated_Source\PSoC4/cyfitter_cfg.c **** 		uint8 CYDATA i;
 297:Generated_Source\PSoC4/cyfitter_cfg.c **** 
 298:Generated_Source\PSoC4/cyfitter_cfg.c **** 		/* Zero out critical memory blocks before beginning configuration */
 299:Generated_Source\PSoC4/cyfitter_cfg.c **** 		for (i = 0u; i < (sizeof(cfg_memset_list)/sizeof(cfg_memset_list[0])); i++)
 237              		.loc 1 299 0
 238 007c 0024     		movs	r4, #0
 239 007e 0FE0     		b	.L14
 240              	.LVL13:
 241              	.L15:
 242              	.LBB3:
 300:Generated_Source\PSoC4/cyfitter_cfg.c **** 		{
 301:Generated_Source\PSoC4/cyfitter_cfg.c **** 			const cfg_memset_t CYCODE * CYDATA ms = &cfg_memset_list[i];
 302:Generated_Source\PSoC4/cyfitter_cfg.c **** 			CYMEMZERO(ms->address, (size_t)(uint32)(ms->size));
 243              		.loc 1 302 0 discriminator 3
 244 0080 1848     		ldr	r0, .L16
 245 0082 6200     		lsls	r2, r4, #1
 246 0084 1319     		adds	r3, r2, r4
 247 0086 5900     		lsls	r1, r3, #1
 248 0088 0B00     		movs	r3, r1
 249 008a 4118     		adds	r1, r0, r1
 250 008c 8988     		ldrh	r1, [r1, #4]
 251 008e 1A5A     		ldrh	r2, [r3, r0]
 252 0090 C318     		adds	r3, r0, r3
 253 0092 5888     		ldrh	r0, [r3, #2]
 254 0094 0004     		lsls	r0, r0, #16
 255 0096 1043     		orrs	r0, r2
 256 0098 FFF7FEFF 		bl	CYMEMZERO
 257              	.LVL14:
 258              	.LBE3:
 299:Generated_Source\PSoC4/cyfitter_cfg.c **** 		{
 259              		.loc 1 299 0 discriminator 3
 260 009c 0134     		adds	r4, r4, #1
 261              	.LVL15:
 262 009e E4B2     		uxtb	r4, r4
 263              	.LVL16:
ARM GAS  C:\Users\user\AppData\Local\Temp\ccadiunH.s 			page 11


 264              	.L14:
 299:Generated_Source\PSoC4/cyfitter_cfg.c **** 		{
 265              		.loc 1 299 0 is_stmt 0 discriminator 1
 266 00a0 012C     		cmp	r4, #1
 267 00a2 EDD9     		bls	.L15
 303:Generated_Source\PSoC4/cyfitter_cfg.c **** 		}
 304:Generated_Source\PSoC4/cyfitter_cfg.c **** 
 305:Generated_Source\PSoC4/cyfitter_cfg.c **** 		/* HSIOM Starting address: CYDEV_HSIOM_BASE */
 306:Generated_Source\PSoC4/cyfitter_cfg.c **** 		CY_SET_REG32((void *)(CYREG_HSIOM_PORT_SEL3), 0x0000EE00u);
 268              		.loc 1 306 0 is_stmt 1
 269 00a4 EE22     		movs	r2, #238
 270 00a6 1202     		lsls	r2, r2, #8
 271 00a8 0F4B     		ldr	r3, .L16+4
 272 00aa 1A60     		str	r2, [r3]
 307:Generated_Source\PSoC4/cyfitter_cfg.c **** 
 308:Generated_Source\PSoC4/cyfitter_cfg.c **** 		/* UDB_PA_2 Starting address: CYDEV_UDB_PA2_BASE */
 309:Generated_Source\PSoC4/cyfitter_cfg.c **** 		CY_SET_REG32((void *)(CYDEV_UDB_PA2_BASE), 0x00990000u);
 273              		.loc 1 309 0
 274 00ac 9923     		movs	r3, #153
 275 00ae 1B04     		lsls	r3, r3, #16
 276 00b0 0E4A     		ldr	r2, .L16+8
 277 00b2 1360     		str	r3, [r2]
 310:Generated_Source\PSoC4/cyfitter_cfg.c **** 
 311:Generated_Source\PSoC4/cyfitter_cfg.c **** 		/* UDB_PA_3 Starting address: CYDEV_UDB_PA3_BASE */
 312:Generated_Source\PSoC4/cyfitter_cfg.c **** 		CY_SET_REG32((void *)(CYDEV_UDB_PA3_BASE), 0x00990000u);
 278              		.loc 1 312 0
 279 00b4 0E4A     		ldr	r2, .L16+12
 280 00b6 1360     		str	r3, [r2]
 313:Generated_Source\PSoC4/cyfitter_cfg.c **** 
 314:Generated_Source\PSoC4/cyfitter_cfg.c **** 		/* Enable digital routing */
 315:Generated_Source\PSoC4/cyfitter_cfg.c **** 		CY_SET_XTND_REG8((void *)CYREG_UDB_UDBIF_BANK_CTL, (uint8)(CY_GET_XTND_REG8((void *)CYREG_UDB_UDB
 281              		.loc 1 315 0
 282 00b8 0E4A     		ldr	r2, .L16+16
 283 00ba 1178     		ldrb	r1, [r2]
 284 00bc 0623     		movs	r3, #6
 285 00be 0B43     		orrs	r3, r1
 286 00c0 DBB2     		uxtb	r3, r3
 287 00c2 1370     		strb	r3, [r2]
 288              	.LBE2:
 316:Generated_Source\PSoC4/cyfitter_cfg.c **** 	}
 317:Generated_Source\PSoC4/cyfitter_cfg.c **** 
 318:Generated_Source\PSoC4/cyfitter_cfg.c **** 	/* Perform second pass device configuration. These items must be configured in specific order afte
 319:Generated_Source\PSoC4/cyfitter_cfg.c **** 	/* IOPINS0_2 Starting address: CYDEV_PRT2_BASE */
 320:Generated_Source\PSoC4/cyfitter_cfg.c **** 	CY_SET_REG32((void *)(CYDEV_PRT2_BASE), 0x00000001u);
 289              		.loc 1 320 0
 290 00c4 0123     		movs	r3, #1
 291 00c6 0C4A     		ldr	r2, .L16+20
 292 00c8 1360     		str	r3, [r2]
 321:Generated_Source\PSoC4/cyfitter_cfg.c **** 	CY_SET_REG32((void *)(CYREG_PRT2_PC), 0x00DB6DB0u);
 293              		.loc 1 321 0
 294 00ca 0C49     		ldr	r1, .L16+24
 295 00cc 0C4A     		ldr	r2, .L16+28
 296 00ce 1160     		str	r1, [r2]
 322:Generated_Source\PSoC4/cyfitter_cfg.c **** 	CY_SET_REG32((void *)(CYREG_PRT2_PC2), 0x00000001u);
 297              		.loc 1 322 0
 298 00d0 0C4A     		ldr	r2, .L16+32
 299 00d2 1360     		str	r3, [r2]
ARM GAS  C:\Users\user\AppData\Local\Temp\ccadiunH.s 			page 12


 323:Generated_Source\PSoC4/cyfitter_cfg.c **** 
 324:Generated_Source\PSoC4/cyfitter_cfg.c **** 	/* IOPINS0_3 Starting address: CYDEV_PRT3_BASE */
 325:Generated_Source\PSoC4/cyfitter_cfg.c **** 	CY_SET_REG32((void *)(CYREG_PRT3_PC), 0x001B0D80u);
 300              		.loc 1 325 0
 301 00d4 0C4A     		ldr	r2, .L16+36
 302 00d6 0D4B     		ldr	r3, .L16+40
 303 00d8 1A60     		str	r2, [r3]
 326:Generated_Source\PSoC4/cyfitter_cfg.c **** 
 327:Generated_Source\PSoC4/cyfitter_cfg.c **** 
 328:Generated_Source\PSoC4/cyfitter_cfg.c **** 	/* Setup clocks based on selections from Clock DWR */
 329:Generated_Source\PSoC4/cyfitter_cfg.c **** 	ClockSetup();
 304              		.loc 1 329 0
 305 00da FFF791FF 		bl	ClockSetup
 306              	.LVL17:
 330:Generated_Source\PSoC4/cyfitter_cfg.c **** 
 331:Generated_Source\PSoC4/cyfitter_cfg.c **** 	/* Perform basic analog initialization to defaults */
 332:Generated_Source\PSoC4/cyfitter_cfg.c **** 	AnalogSetDefault();
 307              		.loc 1 332 0
 308 00de FFF7FEFF 		bl	AnalogSetDefault
 309              	.LVL18:
 333:Generated_Source\PSoC4/cyfitter_cfg.c **** 
 334:Generated_Source\PSoC4/cyfitter_cfg.c **** }
 310              		.loc 1 334 0
 311              		@ sp needed
 312              	.LVL19:
 313 00e2 10BD     		pop	{r4, pc}
 314              	.L17:
 315              		.align	2
 316              	.L16:
 317 00e4 00000000 		.word	.LANCHOR0
 318 00e8 0C000140 		.word	1073807372
 319 00ec 20500F40 		.word	1074745376
 320 00f0 30500F40 		.word	1074745392
 321 00f4 00700F40 		.word	1074753536
 322 00f8 00020440 		.word	1074004480
 323 00fc B06DDB00 		.word	14380464
 324 0100 08020440 		.word	1074004488
 325 0104 18020440 		.word	1074004504
 326 0108 800D1B00 		.word	1772928
 327 010c 08030440 		.word	1074004744
 328              		.cfi_endproc
 329              	.LFE6:
 330              		.size	cyfitter_cfg, .-cyfitter_cfg
 331              		.section	.rodata
 332              		.align	2
 333              		.set	.LANCHOR0,. + 0
 334              		.type	cfg_memset_list.4853, %object
 335              		.size	cfg_memset_list.4853, 12
 336              	cfg_memset_list.4853:
 337 0000 00300F40 		.word	1074737152
 338 0004 0004     		.short	1024
 339 0006 00400F40 		.4byte	1074741248
 340 000a 0004     		.short	1024
 341              		.text
 342              	.Letext0:
 343              		.file 2 "c:\\program files (x86)\\cypress\\psoc creator\\4.4\\psoc creator\\import\\gnu\\arm\\5.4.
 344              		.file 3 "Generated_Source\\PSoC4\\cytypes.h"
ARM GAS  C:\Users\user\AppData\Local\Temp\ccadiunH.s 			page 13


 345              		.file 4 "Generated_Source\\PSoC4\\CyLib.h"
 346              		.section	.debug_info,"",%progbits
 347              	.Ldebug_info0:
 348 0000 DA020000 		.4byte	0x2da
 349 0004 0400     		.2byte	0x4
 350 0006 00000000 		.4byte	.Ldebug_abbrev0
 351 000a 04       		.byte	0x4
 352 000b 01       		.uleb128 0x1
 353 000c 50010000 		.4byte	.LASF34
 354 0010 0C       		.byte	0xc
 355 0011 4F020000 		.4byte	.LASF35
 356 0015 CB000000 		.4byte	.LASF36
 357 0019 00000000 		.4byte	.Ldebug_ranges0+0
 358 001d 00000000 		.4byte	0
 359 0021 00000000 		.4byte	.Ldebug_line0
 360 0025 02       		.uleb128 0x2
 361 0026 04       		.byte	0x4
 362 0027 05       		.byte	0x5
 363 0028 696E7400 		.ascii	"int\000"
 364 002c 03       		.uleb128 0x3
 365 002d 06000000 		.4byte	.LASF12
 366 0031 02       		.byte	0x2
 367 0032 D8       		.byte	0xd8
 368 0033 37000000 		.4byte	0x37
 369 0037 04       		.uleb128 0x4
 370 0038 04       		.byte	0x4
 371 0039 07       		.byte	0x7
 372 003a 17010000 		.4byte	.LASF0
 373 003e 04       		.uleb128 0x4
 374 003f 08       		.byte	0x8
 375 0040 05       		.byte	0x5
 376 0041 F4010000 		.4byte	.LASF1
 377 0045 04       		.uleb128 0x4
 378 0046 08       		.byte	0x8
 379 0047 04       		.byte	0x4
 380 0048 37020000 		.4byte	.LASF2
 381 004c 04       		.uleb128 0x4
 382 004d 01       		.byte	0x1
 383 004e 06       		.byte	0x6
 384 004f 43020000 		.4byte	.LASF3
 385 0053 04       		.uleb128 0x4
 386 0054 01       		.byte	0x1
 387 0055 08       		.byte	0x8
 388 0056 A3000000 		.4byte	.LASF4
 389 005a 04       		.uleb128 0x4
 390 005b 02       		.byte	0x2
 391 005c 05       		.byte	0x5
 392 005d 0F020000 		.4byte	.LASF5
 393 0061 04       		.uleb128 0x4
 394 0062 02       		.byte	0x2
 395 0063 07       		.byte	0x7
 396 0064 48000000 		.4byte	.LASF6
 397 0068 04       		.uleb128 0x4
 398 0069 04       		.byte	0x4
 399 006a 05       		.byte	0x5
 400 006b 2E020000 		.4byte	.LASF7
 401 006f 04       		.uleb128 0x4
ARM GAS  C:\Users\user\AppData\Local\Temp\ccadiunH.s 			page 14


 402 0070 04       		.byte	0x4
 403 0071 07       		.byte	0x7
 404 0072 6B000000 		.4byte	.LASF8
 405 0076 04       		.uleb128 0x4
 406 0077 08       		.byte	0x8
 407 0078 07       		.byte	0x7
 408 0079 39010000 		.4byte	.LASF9
 409 007d 04       		.uleb128 0x4
 410 007e 04       		.byte	0x4
 411 007f 07       		.byte	0x7
 412 0080 EB010000 		.4byte	.LASF10
 413 0084 05       		.uleb128 0x5
 414 0085 04       		.byte	0x4
 415 0086 04       		.uleb128 0x4
 416 0087 01       		.byte	0x1
 417 0088 08       		.byte	0x8
 418 0089 02020000 		.4byte	.LASF11
 419 008d 06       		.uleb128 0x6
 420 008e 7D000000 		.4byte	.LASF13
 421 0092 03       		.byte	0x3
 422 0093 FB01     		.2byte	0x1fb
 423 0095 53000000 		.4byte	0x53
 424 0099 06       		.uleb128 0x6
 425 009a 09010000 		.4byte	.LASF14
 426 009e 03       		.byte	0x3
 427 009f FC01     		.2byte	0x1fc
 428 00a1 61000000 		.4byte	0x61
 429 00a5 06       		.uleb128 0x6
 430 00a6 10010000 		.4byte	.LASF15
 431 00aa 03       		.byte	0x3
 432 00ab FD01     		.2byte	0x1fd
 433 00ad 6F000000 		.4byte	0x6f
 434 00b1 04       		.uleb128 0x4
 435 00b2 04       		.byte	0x4
 436 00b3 04       		.byte	0x4
 437 00b4 5B000000 		.4byte	.LASF16
 438 00b8 04       		.uleb128 0x4
 439 00b9 08       		.byte	0x8
 440 00ba 04       		.byte	0x4
 441 00bb B8000000 		.4byte	.LASF17
 442 00bf 06       		.uleb128 0x6
 443 00c0 66000000 		.4byte	.LASF18
 444 00c4 03       		.byte	0x3
 445 00c5 A502     		.2byte	0x2a5
 446 00c7 CB000000 		.4byte	0xcb
 447 00cb 07       		.uleb128 0x7
 448 00cc 8D000000 		.4byte	0x8d
 449 00d0 06       		.uleb128 0x6
 450 00d1 00000000 		.4byte	.LASF19
 451 00d5 03       		.byte	0x3
 452 00d6 A702     		.2byte	0x2a7
 453 00d8 DC000000 		.4byte	0xdc
 454 00dc 07       		.uleb128 0x7
 455 00dd A5000000 		.4byte	0xa5
 456 00e1 08       		.uleb128 0x8
 457 00e2 83000000 		.4byte	.LASF20
 458 00e6 01       		.byte	0x1
ARM GAS  C:\Users\user\AppData\Local\Temp\ccadiunH.s 			page 15


 459 00e7 4C       		.byte	0x4c
 460 00e8 00000000 		.4byte	.LFB0
 461 00ec 0C000000 		.4byte	.LFE0-.LFB0
 462 00f0 01       		.uleb128 0x1
 463 00f1 9C       		.byte	0x9c
 464 00f2 2E010000 		.4byte	0x12e
 465 00f6 09       		.uleb128 0x9
 466 00f7 7300     		.ascii	"s\000"
 467 00f9 01       		.byte	0x1
 468 00fa 4C       		.byte	0x4c
 469 00fb 84000000 		.4byte	0x84
 470 00ff 00000000 		.4byte	.LLST0
 471 0103 09       		.uleb128 0x9
 472 0104 6E00     		.ascii	"n\000"
 473 0106 01       		.byte	0x1
 474 0107 4C       		.byte	0x4c
 475 0108 2C000000 		.4byte	0x2c
 476 010c 21000000 		.4byte	.LLST1
 477 0110 0A       		.uleb128 0xa
 478 0111 0A000000 		.4byte	.LVL2
 479 0115 B3020000 		.4byte	0x2b3
 480 0119 0B       		.uleb128 0xb
 481 011a 01       		.uleb128 0x1
 482 011b 50       		.byte	0x50
 483 011c 03       		.uleb128 0x3
 484 011d F3       		.byte	0xf3
 485 011e 01       		.uleb128 0x1
 486 011f 50       		.byte	0x50
 487 0120 0B       		.uleb128 0xb
 488 0121 01       		.uleb128 0x1
 489 0122 51       		.byte	0x51
 490 0123 01       		.uleb128 0x1
 491 0124 30       		.byte	0x30
 492 0125 0B       		.uleb128 0xb
 493 0126 01       		.uleb128 0x1
 494 0127 52       		.byte	0x52
 495 0128 03       		.uleb128 0x3
 496 0129 F3       		.byte	0xf3
 497 012a 01       		.uleb128 0x1
 498 012b 51       		.byte	0x51
 499 012c 00       		.byte	0
 500 012d 00       		.byte	0
 501 012e 08       		.uleb128 0x8
 502 012f 3D000000 		.4byte	.LASF21
 503 0133 01       		.byte	0x1
 504 0134 AA       		.byte	0xaa
 505 0135 00000000 		.4byte	.LFB3
 506 0139 78000000 		.4byte	.LFE3-.LFB3
 507 013d 01       		.uleb128 0x1
 508 013e 9C       		.byte	0x9c
 509 013f 79010000 		.4byte	0x179
 510 0143 0C       		.uleb128 0xc
 511 0144 14000000 		.4byte	.LVL3
 512 0148 BC020000 		.4byte	0x2bc
 513 014c 56010000 		.4byte	0x156
 514 0150 0B       		.uleb128 0xb
 515 0151 01       		.uleb128 0x1
ARM GAS  C:\Users\user\AppData\Local\Temp\ccadiunH.s 			page 16


 516 0152 50       		.byte	0x50
 517 0153 01       		.uleb128 0x1
 518 0154 48       		.byte	0x48
 519 0155 00       		.byte	0
 520 0156 0C       		.uleb128 0xc
 521 0157 42000000 		.4byte	.LVL4
 522 015b C7020000 		.4byte	0x2c7
 523 015f 69010000 		.4byte	0x169
 524 0163 0B       		.uleb128 0xb
 525 0164 01       		.uleb128 0x1
 526 0165 50       		.byte	0x50
 527 0166 01       		.uleb128 0x1
 528 0167 39       		.byte	0x39
 529 0168 00       		.byte	0
 530 0169 0A       		.uleb128 0xa
 531 016a 48000000 		.4byte	.LVL5
 532 016e D2020000 		.4byte	0x2d2
 533 0172 0B       		.uleb128 0xb
 534 0173 01       		.uleb128 0x1
 535 0174 50       		.byte	0x50
 536 0175 01       		.uleb128 0x1
 537 0176 39       		.byte	0x39
 538 0177 00       		.byte	0
 539 0178 00       		.byte	0
 540 0179 0D       		.uleb128 0xd
 541 017a 8D000000 		.4byte	.LASF24
 542 017e 01       		.byte	0x1
 543 017f F4       		.byte	0xf4
 544 0180 00000000 		.4byte	.LFB5
 545 0184 20000000 		.4byte	.LFE5-.LFB5
 546 0188 01       		.uleb128 0x1
 547 0189 9C       		.byte	0x9c
 548 018a AB010000 		.4byte	0x1ab
 549 018e 0E       		.uleb128 0xe
 550 018f 07020000 		.4byte	.LASF22
 551 0193 01       		.byte	0x1
 552 0194 F4       		.byte	0xf4
 553 0195 8D000000 		.4byte	0x8d
 554 0199 01       		.uleb128 0x1
 555 019a 50       		.byte	0x50
 556 019b 0F       		.uleb128 0xf
 557 019c 75020000 		.4byte	.LASF29
 558 01a0 01       		.byte	0x1
 559 01a1 F6       		.byte	0xf6
 560 01a2 A5000000 		.4byte	0xa5
 561 01a6 4D000000 		.4byte	.LLST2
 562 01aa 00       		.byte	0
 563 01ab 08       		.uleb128 0x8
 564 01ac 0D000000 		.4byte	.LASF23
 565 01b0 01       		.byte	0x1
 566 01b1 DD       		.byte	0xdd
 567 01b2 00000000 		.4byte	.LFB4
 568 01b6 14000000 		.4byte	.LFE4-.LFB4
 569 01ba 01       		.uleb128 0x1
 570 01bb 9C       		.byte	0x9c
 571 01bc D0010000 		.4byte	0x1d0
 572 01c0 0A       		.uleb128 0xa
ARM GAS  C:\Users\user\AppData\Local\Temp\ccadiunH.s 			page 17


 573 01c1 0E000000 		.4byte	.LVL11
 574 01c5 79010000 		.4byte	0x179
 575 01c9 0B       		.uleb128 0xb
 576 01ca 01       		.uleb128 0x1
 577 01cb 50       		.byte	0x50
 578 01cc 01       		.uleb128 0x1
 579 01cd 31       		.byte	0x31
 580 01ce 00       		.byte	0
 581 01cf 00       		.byte	0
 582 01d0 10       		.uleb128 0x10
 583 01d1 24010000 		.4byte	.LASF25
 584 01d5 01       		.byte	0x1
 585 01d6 1601     		.2byte	0x116
 586 01d8 78000000 		.4byte	.LFB6
 587 01dc 98000000 		.4byte	.LFE6-.LFB6
 588 01e0 01       		.uleb128 0x1
 589 01e1 9C       		.byte	0x9c
 590 01e2 B3020000 		.4byte	0x2b3
 591 01e6 11       		.uleb128 0x11
 592 01e7 7C000000 		.4byte	.LBB2
 593 01eb 48000000 		.4byte	.LBE2-.LBB2
 594 01ef A0020000 		.4byte	0x2a0
 595 01f3 12       		.uleb128 0x12
 596 01f4 06       		.byte	0x6
 597 01f5 01       		.byte	0x1
 598 01f6 1D01     		.2byte	0x11d
 599 01f8 17020000 		.4byte	0x217
 600 01fc 13       		.uleb128 0x13
 601 01fd 31010000 		.4byte	.LASF26
 602 0201 01       		.byte	0x1
 603 0202 1E01     		.2byte	0x11e
 604 0204 84000000 		.4byte	0x84
 605 0208 00       		.byte	0
 606 0209 13       		.uleb128 0x13
 607 020a 61000000 		.4byte	.LASF27
 608 020e 01       		.byte	0x1
 609 020f 1F01     		.2byte	0x11f
 610 0211 99000000 		.4byte	0x99
 611 0215 04       		.byte	0x4
 612 0216 00       		.byte	0
 613 0217 06       		.uleb128 0x6
 614 0218 DE010000 		.4byte	.LASF28
 615 021c 01       		.byte	0x1
 616 021d 2001     		.2byte	0x120
 617 021f F3010000 		.4byte	0x1f3
 618 0223 14       		.uleb128 0x14
 619 0224 33020000 		.4byte	0x233
 620 0228 33020000 		.4byte	0x233
 621 022c 15       		.uleb128 0x15
 622 022d 7D000000 		.4byte	0x7d
 623 0231 01       		.byte	0x1
 624 0232 00       		.byte	0
 625 0233 16       		.uleb128 0x16
 626 0234 17020000 		.4byte	0x217
 627 0238 17       		.uleb128 0x17
 628 0239 2D000000 		.4byte	.LASF30
 629 023d 01       		.byte	0x1
ARM GAS  C:\Users\user\AppData\Local\Temp\ccadiunH.s 			page 18


 630 023e 2201     		.2byte	0x122
 631 0240 4A020000 		.4byte	0x24a
 632 0244 05       		.uleb128 0x5
 633 0245 03       		.byte	0x3
 634 0246 00000000 		.4byte	cfg_memset_list.4853
 635 024a 16       		.uleb128 0x16
 636 024b 23020000 		.4byte	0x223
 637 024f 18       		.uleb128 0x18
 638 0250 6900     		.ascii	"i\000"
 639 0252 01       		.byte	0x1
 640 0253 2801     		.2byte	0x128
 641 0255 8D000000 		.4byte	0x8d
 642 0259 6B000000 		.4byte	.LLST3
 643 025d 19       		.uleb128 0x19
 644 025e 80000000 		.4byte	.LBB3
 645 0262 1C000000 		.4byte	.LBE3-.LBB3
 646 0266 18       		.uleb128 0x18
 647 0267 6D7300   		.ascii	"ms\000"
 648 026a 01       		.byte	0x1
 649 026b 2D01     		.2byte	0x12d
 650 026d 75020000 		.4byte	0x275
 651 0271 95000000 		.4byte	.LLST4
 652 0275 1A       		.uleb128 0x1a
 653 0276 04       		.byte	0x4
 654 0277 33020000 		.4byte	0x233
 655 027b 0A       		.uleb128 0xa
 656 027c 9C000000 		.4byte	.LVL14
 657 0280 E1000000 		.4byte	0xe1
 658 0284 0B       		.uleb128 0xb
 659 0285 01       		.uleb128 0x1
 660 0286 51       		.byte	0x51
 661 0287 15       		.uleb128 0x15
 662 0288 74       		.byte	0x74
 663 0289 00       		.sleb128 0
 664 028a 31       		.byte	0x31
 665 028b 24       		.byte	0x24
 666 028c 74       		.byte	0x74
 667 028d 00       		.sleb128 0
 668 028e 22       		.byte	0x22
 669 028f 31       		.byte	0x31
 670 0290 24       		.byte	0x24
 671 0291 03       		.byte	0x3
 672 0292 04000000 		.4byte	.LANCHOR0+4
 673 0296 22       		.byte	0x22
 674 0297 94       		.byte	0x94
 675 0298 02       		.byte	0x2
 676 0299 0A       		.byte	0xa
 677 029a FFFF     		.2byte	0xffff
 678 029c 1A       		.byte	0x1a
 679 029d 00       		.byte	0
 680 029e 00       		.byte	0
 681 029f 00       		.byte	0
 682 02a0 1B       		.uleb128 0x1b
 683 02a1 DE000000 		.4byte	.LVL17
 684 02a5 2E010000 		.4byte	0x12e
 685 02a9 1B       		.uleb128 0x1b
 686 02aa E2000000 		.4byte	.LVL18
ARM GAS  C:\Users\user\AppData\Local\Temp\ccadiunH.s 			page 19


 687 02ae AB010000 		.4byte	0x1ab
 688 02b2 00       		.byte	0
 689 02b3 1C       		.uleb128 0x1c
 690 02b4 B1000000 		.4byte	.LASF37
 691 02b8 B1000000 		.4byte	.LASF37
 692 02bc 1D       		.uleb128 0x1d
 693 02bd 19020000 		.4byte	.LASF31
 694 02c1 19020000 		.4byte	.LASF31
 695 02c5 04       		.byte	0x4
 696 02c6 6C       		.byte	0x6c
 697 02c7 1D       		.uleb128 0x1d
 698 02c8 1E000000 		.4byte	.LASF32
 699 02cc 1E000000 		.4byte	.LASF32
 700 02d0 04       		.byte	0x4
 701 02d1 D0       		.byte	0xd0
 702 02d2 1D       		.uleb128 0x1d
 703 02d3 BF000000 		.4byte	.LASF33
 704 02d7 BF000000 		.4byte	.LASF33
 705 02db 04       		.byte	0x4
 706 02dc D6       		.byte	0xd6
 707 02dd 00       		.byte	0
 708              		.section	.debug_abbrev,"",%progbits
 709              	.Ldebug_abbrev0:
 710 0000 01       		.uleb128 0x1
 711 0001 11       		.uleb128 0x11
 712 0002 01       		.byte	0x1
 713 0003 25       		.uleb128 0x25
 714 0004 0E       		.uleb128 0xe
 715 0005 13       		.uleb128 0x13
 716 0006 0B       		.uleb128 0xb
 717 0007 03       		.uleb128 0x3
 718 0008 0E       		.uleb128 0xe
 719 0009 1B       		.uleb128 0x1b
 720 000a 0E       		.uleb128 0xe
 721 000b 55       		.uleb128 0x55
 722 000c 17       		.uleb128 0x17
 723 000d 11       		.uleb128 0x11
 724 000e 01       		.uleb128 0x1
 725 000f 10       		.uleb128 0x10
 726 0010 17       		.uleb128 0x17
 727 0011 00       		.byte	0
 728 0012 00       		.byte	0
 729 0013 02       		.uleb128 0x2
 730 0014 24       		.uleb128 0x24
 731 0015 00       		.byte	0
 732 0016 0B       		.uleb128 0xb
 733 0017 0B       		.uleb128 0xb
 734 0018 3E       		.uleb128 0x3e
 735 0019 0B       		.uleb128 0xb
 736 001a 03       		.uleb128 0x3
 737 001b 08       		.uleb128 0x8
 738 001c 00       		.byte	0
 739 001d 00       		.byte	0
 740 001e 03       		.uleb128 0x3
 741 001f 16       		.uleb128 0x16
 742 0020 00       		.byte	0
 743 0021 03       		.uleb128 0x3
ARM GAS  C:\Users\user\AppData\Local\Temp\ccadiunH.s 			page 20


 744 0022 0E       		.uleb128 0xe
 745 0023 3A       		.uleb128 0x3a
 746 0024 0B       		.uleb128 0xb
 747 0025 3B       		.uleb128 0x3b
 748 0026 0B       		.uleb128 0xb
 749 0027 49       		.uleb128 0x49
 750 0028 13       		.uleb128 0x13
 751 0029 00       		.byte	0
 752 002a 00       		.byte	0
 753 002b 04       		.uleb128 0x4
 754 002c 24       		.uleb128 0x24
 755 002d 00       		.byte	0
 756 002e 0B       		.uleb128 0xb
 757 002f 0B       		.uleb128 0xb
 758 0030 3E       		.uleb128 0x3e
 759 0031 0B       		.uleb128 0xb
 760 0032 03       		.uleb128 0x3
 761 0033 0E       		.uleb128 0xe
 762 0034 00       		.byte	0
 763 0035 00       		.byte	0
 764 0036 05       		.uleb128 0x5
 765 0037 0F       		.uleb128 0xf
 766 0038 00       		.byte	0
 767 0039 0B       		.uleb128 0xb
 768 003a 0B       		.uleb128 0xb
 769 003b 00       		.byte	0
 770 003c 00       		.byte	0
 771 003d 06       		.uleb128 0x6
 772 003e 16       		.uleb128 0x16
 773 003f 00       		.byte	0
 774 0040 03       		.uleb128 0x3
 775 0041 0E       		.uleb128 0xe
 776 0042 3A       		.uleb128 0x3a
 777 0043 0B       		.uleb128 0xb
 778 0044 3B       		.uleb128 0x3b
 779 0045 05       		.uleb128 0x5
 780 0046 49       		.uleb128 0x49
 781 0047 13       		.uleb128 0x13
 782 0048 00       		.byte	0
 783 0049 00       		.byte	0
 784 004a 07       		.uleb128 0x7
 785 004b 35       		.uleb128 0x35
 786 004c 00       		.byte	0
 787 004d 49       		.uleb128 0x49
 788 004e 13       		.uleb128 0x13
 789 004f 00       		.byte	0
 790 0050 00       		.byte	0
 791 0051 08       		.uleb128 0x8
 792 0052 2E       		.uleb128 0x2e
 793 0053 01       		.byte	0x1
 794 0054 03       		.uleb128 0x3
 795 0055 0E       		.uleb128 0xe
 796 0056 3A       		.uleb128 0x3a
 797 0057 0B       		.uleb128 0xb
 798 0058 3B       		.uleb128 0x3b
 799 0059 0B       		.uleb128 0xb
 800 005a 27       		.uleb128 0x27
ARM GAS  C:\Users\user\AppData\Local\Temp\ccadiunH.s 			page 21


 801 005b 19       		.uleb128 0x19
 802 005c 11       		.uleb128 0x11
 803 005d 01       		.uleb128 0x1
 804 005e 12       		.uleb128 0x12
 805 005f 06       		.uleb128 0x6
 806 0060 40       		.uleb128 0x40
 807 0061 18       		.uleb128 0x18
 808 0062 9742     		.uleb128 0x2117
 809 0064 19       		.uleb128 0x19
 810 0065 01       		.uleb128 0x1
 811 0066 13       		.uleb128 0x13
 812 0067 00       		.byte	0
 813 0068 00       		.byte	0
 814 0069 09       		.uleb128 0x9
 815 006a 05       		.uleb128 0x5
 816 006b 00       		.byte	0
 817 006c 03       		.uleb128 0x3
 818 006d 08       		.uleb128 0x8
 819 006e 3A       		.uleb128 0x3a
 820 006f 0B       		.uleb128 0xb
 821 0070 3B       		.uleb128 0x3b
 822 0071 0B       		.uleb128 0xb
 823 0072 49       		.uleb128 0x49
 824 0073 13       		.uleb128 0x13
 825 0074 02       		.uleb128 0x2
 826 0075 17       		.uleb128 0x17
 827 0076 00       		.byte	0
 828 0077 00       		.byte	0
 829 0078 0A       		.uleb128 0xa
 830 0079 898201   		.uleb128 0x4109
 831 007c 01       		.byte	0x1
 832 007d 11       		.uleb128 0x11
 833 007e 01       		.uleb128 0x1
 834 007f 31       		.uleb128 0x31
 835 0080 13       		.uleb128 0x13
 836 0081 00       		.byte	0
 837 0082 00       		.byte	0
 838 0083 0B       		.uleb128 0xb
 839 0084 8A8201   		.uleb128 0x410a
 840 0087 00       		.byte	0
 841 0088 02       		.uleb128 0x2
 842 0089 18       		.uleb128 0x18
 843 008a 9142     		.uleb128 0x2111
 844 008c 18       		.uleb128 0x18
 845 008d 00       		.byte	0
 846 008e 00       		.byte	0
 847 008f 0C       		.uleb128 0xc
 848 0090 898201   		.uleb128 0x4109
 849 0093 01       		.byte	0x1
 850 0094 11       		.uleb128 0x11
 851 0095 01       		.uleb128 0x1
 852 0096 31       		.uleb128 0x31
 853 0097 13       		.uleb128 0x13
 854 0098 01       		.uleb128 0x1
 855 0099 13       		.uleb128 0x13
 856 009a 00       		.byte	0
 857 009b 00       		.byte	0
ARM GAS  C:\Users\user\AppData\Local\Temp\ccadiunH.s 			page 22


 858 009c 0D       		.uleb128 0xd
 859 009d 2E       		.uleb128 0x2e
 860 009e 01       		.byte	0x1
 861 009f 3F       		.uleb128 0x3f
 862 00a0 19       		.uleb128 0x19
 863 00a1 03       		.uleb128 0x3
 864 00a2 0E       		.uleb128 0xe
 865 00a3 3A       		.uleb128 0x3a
 866 00a4 0B       		.uleb128 0xb
 867 00a5 3B       		.uleb128 0x3b
 868 00a6 0B       		.uleb128 0xb
 869 00a7 27       		.uleb128 0x27
 870 00a8 19       		.uleb128 0x19
 871 00a9 11       		.uleb128 0x11
 872 00aa 01       		.uleb128 0x1
 873 00ab 12       		.uleb128 0x12
 874 00ac 06       		.uleb128 0x6
 875 00ad 40       		.uleb128 0x40
 876 00ae 18       		.uleb128 0x18
 877 00af 9742     		.uleb128 0x2117
 878 00b1 19       		.uleb128 0x19
 879 00b2 01       		.uleb128 0x1
 880 00b3 13       		.uleb128 0x13
 881 00b4 00       		.byte	0
 882 00b5 00       		.byte	0
 883 00b6 0E       		.uleb128 0xe
 884 00b7 05       		.uleb128 0x5
 885 00b8 00       		.byte	0
 886 00b9 03       		.uleb128 0x3
 887 00ba 0E       		.uleb128 0xe
 888 00bb 3A       		.uleb128 0x3a
 889 00bc 0B       		.uleb128 0xb
 890 00bd 3B       		.uleb128 0x3b
 891 00be 0B       		.uleb128 0xb
 892 00bf 49       		.uleb128 0x49
 893 00c0 13       		.uleb128 0x13
 894 00c1 02       		.uleb128 0x2
 895 00c2 18       		.uleb128 0x18
 896 00c3 00       		.byte	0
 897 00c4 00       		.byte	0
 898 00c5 0F       		.uleb128 0xf
 899 00c6 34       		.uleb128 0x34
 900 00c7 00       		.byte	0
 901 00c8 03       		.uleb128 0x3
 902 00c9 0E       		.uleb128 0xe
 903 00ca 3A       		.uleb128 0x3a
 904 00cb 0B       		.uleb128 0xb
 905 00cc 3B       		.uleb128 0x3b
 906 00cd 0B       		.uleb128 0xb
 907 00ce 49       		.uleb128 0x49
 908 00cf 13       		.uleb128 0x13
 909 00d0 02       		.uleb128 0x2
 910 00d1 17       		.uleb128 0x17
 911 00d2 00       		.byte	0
 912 00d3 00       		.byte	0
 913 00d4 10       		.uleb128 0x10
 914 00d5 2E       		.uleb128 0x2e
ARM GAS  C:\Users\user\AppData\Local\Temp\ccadiunH.s 			page 23


 915 00d6 01       		.byte	0x1
 916 00d7 3F       		.uleb128 0x3f
 917 00d8 19       		.uleb128 0x19
 918 00d9 03       		.uleb128 0x3
 919 00da 0E       		.uleb128 0xe
 920 00db 3A       		.uleb128 0x3a
 921 00dc 0B       		.uleb128 0xb
 922 00dd 3B       		.uleb128 0x3b
 923 00de 05       		.uleb128 0x5
 924 00df 27       		.uleb128 0x27
 925 00e0 19       		.uleb128 0x19
 926 00e1 11       		.uleb128 0x11
 927 00e2 01       		.uleb128 0x1
 928 00e3 12       		.uleb128 0x12
 929 00e4 06       		.uleb128 0x6
 930 00e5 40       		.uleb128 0x40
 931 00e6 18       		.uleb128 0x18
 932 00e7 9742     		.uleb128 0x2117
 933 00e9 19       		.uleb128 0x19
 934 00ea 01       		.uleb128 0x1
 935 00eb 13       		.uleb128 0x13
 936 00ec 00       		.byte	0
 937 00ed 00       		.byte	0
 938 00ee 11       		.uleb128 0x11
 939 00ef 0B       		.uleb128 0xb
 940 00f0 01       		.byte	0x1
 941 00f1 11       		.uleb128 0x11
 942 00f2 01       		.uleb128 0x1
 943 00f3 12       		.uleb128 0x12
 944 00f4 06       		.uleb128 0x6
 945 00f5 01       		.uleb128 0x1
 946 00f6 13       		.uleb128 0x13
 947 00f7 00       		.byte	0
 948 00f8 00       		.byte	0
 949 00f9 12       		.uleb128 0x12
 950 00fa 13       		.uleb128 0x13
 951 00fb 01       		.byte	0x1
 952 00fc 0B       		.uleb128 0xb
 953 00fd 0B       		.uleb128 0xb
 954 00fe 3A       		.uleb128 0x3a
 955 00ff 0B       		.uleb128 0xb
 956 0100 3B       		.uleb128 0x3b
 957 0101 05       		.uleb128 0x5
 958 0102 01       		.uleb128 0x1
 959 0103 13       		.uleb128 0x13
 960 0104 00       		.byte	0
 961 0105 00       		.byte	0
 962 0106 13       		.uleb128 0x13
 963 0107 0D       		.uleb128 0xd
 964 0108 00       		.byte	0
 965 0109 03       		.uleb128 0x3
 966 010a 0E       		.uleb128 0xe
 967 010b 3A       		.uleb128 0x3a
 968 010c 0B       		.uleb128 0xb
 969 010d 3B       		.uleb128 0x3b
 970 010e 05       		.uleb128 0x5
 971 010f 49       		.uleb128 0x49
ARM GAS  C:\Users\user\AppData\Local\Temp\ccadiunH.s 			page 24


 972 0110 13       		.uleb128 0x13
 973 0111 38       		.uleb128 0x38
 974 0112 0B       		.uleb128 0xb
 975 0113 00       		.byte	0
 976 0114 00       		.byte	0
 977 0115 14       		.uleb128 0x14
 978 0116 01       		.uleb128 0x1
 979 0117 01       		.byte	0x1
 980 0118 49       		.uleb128 0x49
 981 0119 13       		.uleb128 0x13
 982 011a 01       		.uleb128 0x1
 983 011b 13       		.uleb128 0x13
 984 011c 00       		.byte	0
 985 011d 00       		.byte	0
 986 011e 15       		.uleb128 0x15
 987 011f 21       		.uleb128 0x21
 988 0120 00       		.byte	0
 989 0121 49       		.uleb128 0x49
 990 0122 13       		.uleb128 0x13
 991 0123 2F       		.uleb128 0x2f
 992 0124 0B       		.uleb128 0xb
 993 0125 00       		.byte	0
 994 0126 00       		.byte	0
 995 0127 16       		.uleb128 0x16
 996 0128 26       		.uleb128 0x26
 997 0129 00       		.byte	0
 998 012a 49       		.uleb128 0x49
 999 012b 13       		.uleb128 0x13
 1000 012c 00       		.byte	0
 1001 012d 00       		.byte	0
 1002 012e 17       		.uleb128 0x17
 1003 012f 34       		.uleb128 0x34
 1004 0130 00       		.byte	0
 1005 0131 03       		.uleb128 0x3
 1006 0132 0E       		.uleb128 0xe
 1007 0133 3A       		.uleb128 0x3a
 1008 0134 0B       		.uleb128 0xb
 1009 0135 3B       		.uleb128 0x3b
 1010 0136 05       		.uleb128 0x5
 1011 0137 49       		.uleb128 0x49
 1012 0138 13       		.uleb128 0x13
 1013 0139 02       		.uleb128 0x2
 1014 013a 18       		.uleb128 0x18
 1015 013b 00       		.byte	0
 1016 013c 00       		.byte	0
 1017 013d 18       		.uleb128 0x18
 1018 013e 34       		.uleb128 0x34
 1019 013f 00       		.byte	0
 1020 0140 03       		.uleb128 0x3
 1021 0141 08       		.uleb128 0x8
 1022 0142 3A       		.uleb128 0x3a
 1023 0143 0B       		.uleb128 0xb
 1024 0144 3B       		.uleb128 0x3b
 1025 0145 05       		.uleb128 0x5
 1026 0146 49       		.uleb128 0x49
 1027 0147 13       		.uleb128 0x13
 1028 0148 02       		.uleb128 0x2
ARM GAS  C:\Users\user\AppData\Local\Temp\ccadiunH.s 			page 25


 1029 0149 17       		.uleb128 0x17
 1030 014a 00       		.byte	0
 1031 014b 00       		.byte	0
 1032 014c 19       		.uleb128 0x19
 1033 014d 0B       		.uleb128 0xb
 1034 014e 01       		.byte	0x1
 1035 014f 11       		.uleb128 0x11
 1036 0150 01       		.uleb128 0x1
 1037 0151 12       		.uleb128 0x12
 1038 0152 06       		.uleb128 0x6
 1039 0153 00       		.byte	0
 1040 0154 00       		.byte	0
 1041 0155 1A       		.uleb128 0x1a
 1042 0156 0F       		.uleb128 0xf
 1043 0157 00       		.byte	0
 1044 0158 0B       		.uleb128 0xb
 1045 0159 0B       		.uleb128 0xb
 1046 015a 49       		.uleb128 0x49
 1047 015b 13       		.uleb128 0x13
 1048 015c 00       		.byte	0
 1049 015d 00       		.byte	0
 1050 015e 1B       		.uleb128 0x1b
 1051 015f 898201   		.uleb128 0x4109
 1052 0162 00       		.byte	0
 1053 0163 11       		.uleb128 0x11
 1054 0164 01       		.uleb128 0x1
 1055 0165 31       		.uleb128 0x31
 1056 0166 13       		.uleb128 0x13
 1057 0167 00       		.byte	0
 1058 0168 00       		.byte	0
 1059 0169 1C       		.uleb128 0x1c
 1060 016a 2E       		.uleb128 0x2e
 1061 016b 00       		.byte	0
 1062 016c 3F       		.uleb128 0x3f
 1063 016d 19       		.uleb128 0x19
 1064 016e 3C       		.uleb128 0x3c
 1065 016f 19       		.uleb128 0x19
 1066 0170 6E       		.uleb128 0x6e
 1067 0171 0E       		.uleb128 0xe
 1068 0172 03       		.uleb128 0x3
 1069 0173 0E       		.uleb128 0xe
 1070 0174 00       		.byte	0
 1071 0175 00       		.byte	0
 1072 0176 1D       		.uleb128 0x1d
 1073 0177 2E       		.uleb128 0x2e
 1074 0178 00       		.byte	0
 1075 0179 3F       		.uleb128 0x3f
 1076 017a 19       		.uleb128 0x19
 1077 017b 3C       		.uleb128 0x3c
 1078 017c 19       		.uleb128 0x19
 1079 017d 6E       		.uleb128 0x6e
 1080 017e 0E       		.uleb128 0xe
 1081 017f 03       		.uleb128 0x3
 1082 0180 0E       		.uleb128 0xe
 1083 0181 3A       		.uleb128 0x3a
 1084 0182 0B       		.uleb128 0xb
 1085 0183 3B       		.uleb128 0x3b
ARM GAS  C:\Users\user\AppData\Local\Temp\ccadiunH.s 			page 26


 1086 0184 0B       		.uleb128 0xb
 1087 0185 00       		.byte	0
 1088 0186 00       		.byte	0
 1089 0187 00       		.byte	0
 1090              		.section	.debug_loc,"",%progbits
 1091              	.Ldebug_loc0:
 1092              	.LLST0:
 1093 0000 00000000 		.4byte	.LVL0
 1094 0004 09000000 		.4byte	.LVL2-1
 1095 0008 0100     		.2byte	0x1
 1096 000a 50       		.byte	0x50
 1097 000b 09000000 		.4byte	.LVL2-1
 1098 000f 0C000000 		.4byte	.LFE0
 1099 0013 0400     		.2byte	0x4
 1100 0015 F3       		.byte	0xf3
 1101 0016 01       		.uleb128 0x1
 1102 0017 50       		.byte	0x50
 1103 0018 9F       		.byte	0x9f
 1104 0019 00000000 		.4byte	0
 1105 001d 00000000 		.4byte	0
 1106              	.LLST1:
 1107 0021 00000000 		.4byte	.LVL0
 1108 0025 06000000 		.4byte	.LVL1
 1109 0029 0100     		.2byte	0x1
 1110 002b 51       		.byte	0x51
 1111 002c 06000000 		.4byte	.LVL1
 1112 0030 09000000 		.4byte	.LVL2-1
 1113 0034 0100     		.2byte	0x1
 1114 0036 52       		.byte	0x52
 1115 0037 09000000 		.4byte	.LVL2-1
 1116 003b 0C000000 		.4byte	.LFE0
 1117 003f 0400     		.2byte	0x4
 1118 0041 F3       		.byte	0xf3
 1119 0042 01       		.uleb128 0x1
 1120 0043 51       		.byte	0x51
 1121 0044 9F       		.byte	0x9f
 1122 0045 00000000 		.4byte	0
 1123 0049 00000000 		.4byte	0
 1124              	.LLST2:
 1125 004d 04000000 		.4byte	.LVL7
 1126 0051 12000000 		.4byte	.LVL9
 1127 0055 0100     		.2byte	0x1
 1128 0057 53       		.byte	0x53
 1129 0058 14000000 		.4byte	.LVL10
 1130 005c 20000000 		.4byte	.LFE5
 1131 0060 0100     		.2byte	0x1
 1132 0062 53       		.byte	0x53
 1133 0063 00000000 		.4byte	0
 1134 0067 00000000 		.4byte	0
 1135              	.LLST3:
 1136 006b 7C000000 		.4byte	.LVL12
 1137 006f 80000000 		.4byte	.LVL13
 1138 0073 0200     		.2byte	0x2
 1139 0075 30       		.byte	0x30
 1140 0076 9F       		.byte	0x9f
 1141 0077 80000000 		.4byte	.LVL13
 1142 007b 9E000000 		.4byte	.LVL15
ARM GAS  C:\Users\user\AppData\Local\Temp\ccadiunH.s 			page 27


 1143 007f 0100     		.2byte	0x1
 1144 0081 54       		.byte	0x54
 1145 0082 A0000000 		.4byte	.LVL16
 1146 0086 E2000000 		.4byte	.LVL19
 1147 008a 0100     		.2byte	0x1
 1148 008c 54       		.byte	0x54
 1149 008d 00000000 		.4byte	0
 1150 0091 00000000 		.4byte	0
 1151              	.LLST4:
 1152 0095 80000000 		.4byte	.LVL13
 1153 0099 9E000000 		.4byte	.LVL15
 1154 009d 0B00     		.2byte	0xb
 1155 009f 74       		.byte	0x74
 1156 00a0 00       		.sleb128 0
 1157 00a1 36       		.byte	0x36
 1158 00a2 1E       		.byte	0x1e
 1159 00a3 03       		.byte	0x3
 1160 00a4 00000000 		.4byte	cfg_memset_list.4853
 1161 00a8 22       		.byte	0x22
 1162 00a9 9F       		.byte	0x9f
 1163 00aa 9E000000 		.4byte	.LVL15
 1164 00ae A0000000 		.4byte	.LVL16
 1165 00b2 0B00     		.2byte	0xb
 1166 00b4 74       		.byte	0x74
 1167 00b5 7F       		.sleb128 -1
 1168 00b6 36       		.byte	0x36
 1169 00b7 1E       		.byte	0x1e
 1170 00b8 03       		.byte	0x3
 1171 00b9 00000000 		.4byte	cfg_memset_list.4853
 1172 00bd 22       		.byte	0x22
 1173 00be 9F       		.byte	0x9f
 1174 00bf 00000000 		.4byte	0
 1175 00c3 00000000 		.4byte	0
 1176              		.section	.debug_aranges,"",%progbits
 1177 0000 3C000000 		.4byte	0x3c
 1178 0004 0200     		.2byte	0x2
 1179 0006 00000000 		.4byte	.Ldebug_info0
 1180 000a 04       		.byte	0x4
 1181 000b 00       		.byte	0
 1182 000c 0000     		.2byte	0
 1183 000e 0000     		.2byte	0
 1184 0010 00000000 		.4byte	.LFB0
 1185 0014 0C000000 		.4byte	.LFE0-.LFB0
 1186 0018 00000000 		.4byte	.LFB3
 1187 001c 78000000 		.4byte	.LFE3-.LFB3
 1188 0020 00000000 		.4byte	.LFB5
 1189 0024 20000000 		.4byte	.LFE5-.LFB5
 1190 0028 00000000 		.4byte	.LFB4
 1191 002c 14000000 		.4byte	.LFE4-.LFB4
 1192 0030 78000000 		.4byte	.LFB6
 1193 0034 98000000 		.4byte	.LFE6-.LFB6
 1194 0038 00000000 		.4byte	0
 1195 003c 00000000 		.4byte	0
 1196              		.section	.debug_ranges,"",%progbits
 1197              	.Ldebug_ranges0:
 1198 0000 00000000 		.4byte	.LFB0
 1199 0004 0C000000 		.4byte	.LFE0
ARM GAS  C:\Users\user\AppData\Local\Temp\ccadiunH.s 			page 28


 1200 0008 00000000 		.4byte	.LFB3
 1201 000c 78000000 		.4byte	.LFE3
 1202 0010 00000000 		.4byte	.LFB5
 1203 0014 20000000 		.4byte	.LFE5
 1204 0018 00000000 		.4byte	.LFB4
 1205 001c 14000000 		.4byte	.LFE4
 1206 0020 78000000 		.4byte	.LFB6
 1207 0024 10010000 		.4byte	.LFE6
 1208 0028 00000000 		.4byte	0
 1209 002c 00000000 		.4byte	0
 1210              		.section	.debug_line,"",%progbits
 1211              	.Ldebug_line0:
 1212 0000 58010000 		.section	.debug_str,"MS",%progbits,1
 1212      0200D600 
 1212      00000201 
 1212      FB0E0D00 
 1212      01010101 
 1213              	.LASF19:
 1214 0000 72656733 		.ascii	"reg32\000"
 1214      3200
 1215              	.LASF12:
 1216 0006 73697A65 		.ascii	"size_t\000"
 1216      5F7400
 1217              	.LASF23:
 1218 000d 416E616C 		.ascii	"AnalogSetDefault\000"
 1218      6F675365 
 1218      74446566 
 1218      61756C74 
 1218      00
 1219              	.LASF32:
 1220 001e 4379496E 		.ascii	"CyIntSetVector\000"
 1220      74536574 
 1220      56656374 
 1220      6F7200
 1221              	.LASF30:
 1222 002d 6366675F 		.ascii	"cfg_memset_list\000"
 1222      6D656D73 
 1222      65745F6C 
 1222      69737400 
 1223              	.LASF21:
 1224 003d 436C6F63 		.ascii	"ClockSetup\000"
 1224      6B536574 
 1224      757000
 1225              	.LASF6:
 1226 0048 73686F72 		.ascii	"short unsigned int\000"
 1226      7420756E 
 1226      7369676E 
 1226      65642069 
 1226      6E7400
 1227              	.LASF16:
 1228 005b 666C6F61 		.ascii	"float\000"
 1228      7400
 1229              	.LASF27:
 1230 0061 73697A65 		.ascii	"size\000"
 1230      00
 1231              	.LASF18:
 1232 0066 72656738 		.ascii	"reg8\000"
ARM GAS  C:\Users\user\AppData\Local\Temp\ccadiunH.s 			page 29


 1232      00
 1233              	.LASF8:
 1234 006b 6C6F6E67 		.ascii	"long unsigned int\000"
 1234      20756E73 
 1234      69676E65 
 1234      6420696E 
 1234      7400
 1235              	.LASF13:
 1236 007d 75696E74 		.ascii	"uint8\000"
 1236      3800
 1237              	.LASF20:
 1238 0083 43594D45 		.ascii	"CYMEMZERO\000"
 1238      4D5A4552 
 1238      4F00
 1239              	.LASF24:
 1240 008d 53657441 		.ascii	"SetAnalogRoutingPumps\000"
 1240      6E616C6F 
 1240      67526F75 
 1240      74696E67 
 1240      50756D70 
 1241              	.LASF4:
 1242 00a3 756E7369 		.ascii	"unsigned char\000"
 1242      676E6564 
 1242      20636861 
 1242      7200
 1243              	.LASF37:
 1244 00b1 6D656D73 		.ascii	"memset\000"
 1244      657400
 1245              	.LASF17:
 1246 00b8 646F7562 		.ascii	"double\000"
 1246      6C6500
 1247              	.LASF33:
 1248 00bf 4379496E 		.ascii	"CyIntEnable\000"
 1248      74456E61 
 1248      626C6500 
 1249              	.LASF36:
 1250 00cb 433A5C55 		.ascii	"C:\\Users\\user\\Documents\\PSoC Creator\\LM35\\LM3"
 1250      73657273 
 1250      5C757365 
 1250      725C446F 
 1250      63756D65 
 1251 00f8 355F7369 		.ascii	"5_sicaklik.cydsn\000"
 1251      63616B6C 
 1251      696B2E63 
 1251      7964736E 
 1251      00
 1252              	.LASF14:
 1253 0109 75696E74 		.ascii	"uint16\000"
 1253      313600
 1254              	.LASF15:
 1255 0110 75696E74 		.ascii	"uint32\000"
 1255      333200
 1256              	.LASF0:
 1257 0117 756E7369 		.ascii	"unsigned int\000"
 1257      676E6564 
 1257      20696E74 
 1257      00
ARM GAS  C:\Users\user\AppData\Local\Temp\ccadiunH.s 			page 30


 1258              	.LASF25:
 1259 0124 63796669 		.ascii	"cyfitter_cfg\000"
 1259      74746572 
 1259      5F636667 
 1259      00
 1260              	.LASF26:
 1261 0131 61646472 		.ascii	"address\000"
 1261      65737300 
 1262              	.LASF9:
 1263 0139 6C6F6E67 		.ascii	"long long unsigned int\000"
 1263      206C6F6E 
 1263      6720756E 
 1263      7369676E 
 1263      65642069 
 1264              	.LASF34:
 1265 0150 474E5520 		.ascii	"GNU C11 5.4.1 20160609 (release) [ARM/embedded-5-br"
 1265      43313120 
 1265      352E342E 
 1265      31203230 
 1265      31363036 
 1266 0183 616E6368 		.ascii	"anch revision 237715] -mcpu=cortex-m0 -mthumb -g -O"
 1266      20726576 
 1266      6973696F 
 1266      6E203233 
 1266      37373135 
 1267 01b6 67202D66 		.ascii	"g -ffunction-sections -ffat-lto-objects\000"
 1267      66756E63 
 1267      74696F6E 
 1267      2D736563 
 1267      74696F6E 
 1268              	.LASF28:
 1269 01de 6366675F 		.ascii	"cfg_memset_t\000"
 1269      6D656D73 
 1269      65745F74 
 1269      00
 1270              	.LASF10:
 1271 01eb 73697A65 		.ascii	"sizetype\000"
 1271      74797065 
 1271      00
 1272              	.LASF1:
 1273 01f4 6C6F6E67 		.ascii	"long long int\000"
 1273      206C6F6E 
 1273      6720696E 
 1273      7400
 1274              	.LASF11:
 1275 0202 63686172 		.ascii	"char\000"
 1275      00
 1276              	.LASF22:
 1277 0207 656E6162 		.ascii	"enabled\000"
 1277      6C656400 
 1278              	.LASF5:
 1279 020f 73686F72 		.ascii	"short int\000"
 1279      7420696E 
 1279      7400
 1280              	.LASF31:
 1281 0219 43795379 		.ascii	"CySysClkWriteImoFreq\000"
 1281      73436C6B 
ARM GAS  C:\Users\user\AppData\Local\Temp\ccadiunH.s 			page 31


 1281      57726974 
 1281      65496D6F 
 1281      46726571 
 1282              	.LASF7:
 1283 022e 6C6F6E67 		.ascii	"long int\000"
 1283      20696E74 
 1283      00
 1284              	.LASF2:
 1285 0237 6C6F6E67 		.ascii	"long double\000"
 1285      20646F75 
 1285      626C6500 
 1286              	.LASF3:
 1287 0243 7369676E 		.ascii	"signed char\000"
 1287      65642063 
 1287      68617200 
 1288              	.LASF35:
 1289 024f 47656E65 		.ascii	"Generated_Source\\PSoC4\\cyfitter_cfg.c\000"
 1289      72617465 
 1289      645F536F 
 1289      75726365 
 1289      5C50536F 
 1290              	.LASF29:
 1291 0275 72656756 		.ascii	"regValue\000"
 1291      616C7565 
 1291      00
 1292              		.ident	"GCC: (GNU Tools for ARM Embedded Processors) 5.4.1 20160609 (release) [ARM/embedded-5-bran
